ARM Linker, 5.03 [Build 76] [MDK-ARM Lite]

==============================================================================

Section Cross References

    startup.o(STACK) refers (Special) to heapauxi.o(.text) for __use_two_region_memory
    startup.o(HEAP) refers (Special) to heapauxi.o(.text) for __use_two_region_memory
    startup.o(RESET) refers (Special) to heapauxi.o(.text) for __use_two_region_memory
    startup.o(RESET) refers to startup.o(STACK) for StackMem
    startup.o(RESET) refers to spaceinvaders.o(i.SysTick_Handler) for SysTick_Handler
    startup.o(RESET) refers to spaceinvaders.o(i.Timer2A_Handler) for Timer2A_Handler
    startup.o(RESET) refers to texas.o(i.Timer4A_Handler) for Timer4A_Handler
    startup.o(RESET) refers to texas.o(i.Timer5A_Handler) for Timer5A_Handler
    startup.o(RESET) refers to __main.o(!!!main) for __main
    startup.o(.text) refers (Special) to heapauxi.o(.text) for __use_two_region_memory
    startup.o(.text) refers to startup.o(HEAP) for HeapMem
    startup.o(.text) refers to startup.o(STACK) for StackMem
    nokia5110.o(i.Nokia5110_Clear) refers to nokia5110.o(i.lcdwrite) for lcdwrite
    nokia5110.o(i.Nokia5110_Clear) refers to nokia5110.o(i.Nokia5110_SetCursor) for Nokia5110_SetCursor
    nokia5110.o(i.Nokia5110_ClearBuffer) refers to nokia5110.o(.bss) for Screen
    nokia5110.o(i.Nokia5110_DisplayBuffer) refers to nokia5110.o(i.Nokia5110_DrawFullImage) for Nokia5110_DrawFullImage
    nokia5110.o(i.Nokia5110_DisplayBuffer) refers to nokia5110.o(.bss) for Screen
    nokia5110.o(i.Nokia5110_DrawFullImage) refers to nokia5110.o(i.Nokia5110_SetCursor) for Nokia5110_SetCursor
    nokia5110.o(i.Nokia5110_DrawFullImage) refers to nokia5110.o(i.lcdwrite) for lcdwrite
    nokia5110.o(i.Nokia5110_Init) refers to nokia5110.o(i.lcdwrite) for lcdwrite
    nokia5110.o(i.Nokia5110_OutChar) refers to nokia5110.o(i.lcdwrite) for lcdwrite
    nokia5110.o(i.Nokia5110_OutChar) refers to nokia5110.o(.constdata) for ASCII
    nokia5110.o(i.Nokia5110_OutString) refers to nokia5110.o(i.Nokia5110_OutChar) for Nokia5110_OutChar
    nokia5110.o(i.Nokia5110_OutUDec) refers to nokia5110.o(i.Nokia5110_OutString) for Nokia5110_OutString
    nokia5110.o(i.Nokia5110_OutUDec) refers to nokia5110.o(i.Nokia5110_OutChar) for Nokia5110_OutChar
    nokia5110.o(i.Nokia5110_PrintBMP) refers to nokia5110.o(.bss) for Screen
    nokia5110.o(i.Nokia5110_SetCursor) refers to nokia5110.o(i.lcdwrite) for lcdwrite
    random.o(.text) refers to random.o(DATA) for M
    spaceinvaders.o(i.Convert) refers to spaceinvaders.o(.bss) for Ship
    spaceinvaders.o(i.GameEngineOperations) refers to spaceinvaders.o(i.ADC0_In) for ADC0_In
    spaceinvaders.o(i.GameEngineOperations) refers to spaceinvaders.o(i.Convert) for Convert
    spaceinvaders.o(i.GameEngineOperations) refers to rt_memcpy_w.o(.text) for __aeabi_memcpy4
    spaceinvaders.o(i.GameEngineOperations) refers to spaceinvaders.o(i.checkTouchingMissileVsSprite) for checkTouchingMissileVsSprite
    spaceinvaders.o(i.GameEngineOperations) refers to spaceinvaders.o(i.Sound_Play) for Sound_Play
    spaceinvaders.o(i.GameEngineOperations) refers to spaceinvaders.o(i.Fire_Button_Pressed) for Fire_Button_Pressed
    spaceinvaders.o(i.GameEngineOperations) refers to spaceinvaders.o(i.Special_Button_Pressed) for Special_Button_Pressed
    spaceinvaders.o(i.GameEngineOperations) refers to spaceinvaders.o(i.TurnOffSpecialLED) for TurnOffSpecialLED
    spaceinvaders.o(i.GameEngineOperations) refers to spaceinvaders.o(i.willEnemyBumpOtherStuff) for willEnemyBumpOtherStuff
    spaceinvaders.o(i.GameEngineOperations) refers to spaceinvaders.o(i.isEnemyOnScreen) for isEnemyOnScreen
    spaceinvaders.o(i.GameEngineOperations) refers to random.o(.text) for Random
    spaceinvaders.o(i.GameEngineOperations) refers to spaceinvaders.o(i.checkTouchingSpriteVsSprite) for checkTouchingSpriteVsSprite
    spaceinvaders.o(i.GameEngineOperations) refers to spaceinvaders.o(i.reviveEnemyIfPossible) for reviveEnemyIfPossible
    spaceinvaders.o(i.GameEngineOperations) refers to spaceinvaders.o(.data) for SystickCounter
    spaceinvaders.o(i.GameEngineOperations) refers to spaceinvaders.o(.bss) for Ship
    spaceinvaders.o(i.GameEngineOperations) refers to spaceinvaders.o(.constdata) for invaderkilled
    spaceinvaders.o(i.GameEngineOperations) refers to spaceinvaders.o(i.Random_Drawable_Y_Pos) for Random_Drawable_Y_Pos
    spaceinvaders.o(i.GameOver) refers to spaceinvaders.o(i.Fire_Button_Pressed) for Fire_Button_Pressed
    spaceinvaders.o(i.GameOver) refers to nokia5110.o(i.Nokia5110_PrintBMP) for Nokia5110_PrintBMP
    spaceinvaders.o(i.GameOver) refers to spaceinvaders.o(.data) for fireButtonReleased
    spaceinvaders.o(i.GameOver) refers to spaceinvaders.o(.bss) for Ship
    spaceinvaders.o(i.GameOver) refers to spaceinvaders.o(.constdata) for _my_won
    spaceinvaders.o(i.InitSprites) refers to spaceinvaders.o(.constdata) for _my_PlayerShip2_00
    spaceinvaders.o(i.InitSprites) refers to spaceinvaders.o(.bss) for Ship
    spaceinvaders.o(i.Print_Statistics) refers to nokia5110.o(i.Nokia5110_Clear) for Nokia5110_Clear
    spaceinvaders.o(i.Print_Statistics) refers to nokia5110.o(i.Nokia5110_SetCursor) for Nokia5110_SetCursor
    spaceinvaders.o(i.Print_Statistics) refers to nokia5110.o(i.Nokia5110_OutString) for Nokia5110_OutString
    spaceinvaders.o(i.Print_Statistics) refers to nokia5110.o(i.Nokia5110_OutUDec) for Nokia5110_OutUDec
    spaceinvaders.o(i.Print_Statistics) refers to spaceinvaders.o(.data) for EnemiesKilledCounter
    spaceinvaders.o(i.Random_Drawable_X_Pos) refers to random.o(.text) for Random
    spaceinvaders.o(i.Random_Drawable_Y_Pos) refers to random.o(.text) for Random
    spaceinvaders.o(i.RenderingOperations) refers to nokia5110.o(i.Nokia5110_PrintBMP) for Nokia5110_PrintBMP
    spaceinvaders.o(i.RenderingOperations) refers to random.o(.text) for Random
    spaceinvaders.o(i.RenderingOperations) refers to spaceinvaders.o(i.Random_Drawable_X_Pos) for Random_Drawable_X_Pos
    spaceinvaders.o(i.RenderingOperations) refers to spaceinvaders.o(i.Random_Drawable_Y_Pos) for Random_Drawable_Y_Pos
    spaceinvaders.o(i.RenderingOperations) refers to spaceinvaders.o(.data) for FieldCounter
    spaceinvaders.o(i.RenderingOperations) refers to spaceinvaders.o(.bss) for Ship
    spaceinvaders.o(i.RenderingOperations) refers to spaceinvaders.o(.constdata) for _my_above_line
    spaceinvaders.o(i.RestartGame) refers to spaceinvaders.o(i.setRandomEnemyCoords) for setRandomEnemyCoords
    spaceinvaders.o(i.RestartGame) refers to spaceinvaders.o(.data) for fireButtonReleased
    spaceinvaders.o(i.RestartGame) refers to spaceinvaders.o(.bss) for Ship
    spaceinvaders.o(i.Sound_Play) refers to spaceinvaders.o(i.Timer2A_Start) for Timer2A_Start
    spaceinvaders.o(i.Sound_Play) refers to spaceinvaders.o(.data) for Wave
    spaceinvaders.o(i.SysTick_Handler) refers to spaceinvaders.o(i.isGameOver) for isGameOver
    spaceinvaders.o(i.SysTick_Handler) refers to nokia5110.o(i.Nokia5110_ClearBuffer) for Nokia5110_ClearBuffer
    spaceinvaders.o(i.SysTick_Handler) refers to spaceinvaders.o(i.GameEngineOperations) for GameEngineOperations
    spaceinvaders.o(i.SysTick_Handler) refers to spaceinvaders.o(i.RenderingOperations) for RenderingOperations
    spaceinvaders.o(i.SysTick_Handler) refers to spaceinvaders.o(i.Fire_Button_Pressed) for Fire_Button_Pressed
    spaceinvaders.o(i.SysTick_Handler) refers to spaceinvaders.o(i.RestartGame) for RestartGame
    spaceinvaders.o(i.SysTick_Handler) refers to spaceinvaders.o(i.GameOver) for GameOver
    spaceinvaders.o(i.SysTick_Handler) refers to spaceinvaders.o(.data) for SystickCounter
    spaceinvaders.o(i.Timer2A_Handler) refers to spaceinvaders.o(i.DAC_Out) for DAC_Out
    spaceinvaders.o(i.Timer2A_Handler) refers to spaceinvaders.o(i.Timer2A_Stop) for Timer2A_Stop
    spaceinvaders.o(i.Timer2A_Handler) refers to spaceinvaders.o(.data) for SoundCounter
    spaceinvaders.o(i.checkTouchingMissileVsSprite) refers to spaceinvaders.o(i.checkTouching) for checkTouching
    spaceinvaders.o(i.checkTouchingSpriteVsSprite) refers to spaceinvaders.o(i.checkTouching) for checkTouching
    spaceinvaders.o(i.isEnemyOnScreen) refers to spaceinvaders.o(.bss) for Enemy
    spaceinvaders.o(i.isGameOver) refers to spaceinvaders.o(.bss) for Ship
    spaceinvaders.o(i.main) refers to texas.o(i.TExaS_Init) for TExaS_Init
    spaceinvaders.o(i.main) refers to startup.o(.text) for DisableInterrupts
    spaceinvaders.o(i.main) refers to random.o(.text) for Random_Init
    spaceinvaders.o(i.main) refers to nokia5110.o(i.Nokia5110_Init) for Nokia5110_Init
    spaceinvaders.o(i.main) refers to nokia5110.o(i.Nokia5110_ClearBuffer) for Nokia5110_ClearBuffer
    spaceinvaders.o(i.main) refers to nokia5110.o(i.Nokia5110_DisplayBuffer) for Nokia5110_DisplayBuffer
    spaceinvaders.o(i.main) refers to spaceinvaders.o(i.SysTick_Init) for SysTick_Init
    spaceinvaders.o(i.main) refers to spaceinvaders.o(i.Timer2_Init) for Timer2_Init
    spaceinvaders.o(i.main) refers to spaceinvaders.o(i.Ports_Init) for Ports_Init
    spaceinvaders.o(i.main) refers to spaceinvaders.o(i.InitSprites) for InitSprites
    spaceinvaders.o(i.main) refers to spaceinvaders.o(i.RestartGame) for RestartGame
    spaceinvaders.o(i.main) refers to nokia5110.o(i.Nokia5110_PrintBMP) for Nokia5110_PrintBMP
    spaceinvaders.o(i.main) refers to spaceinvaders.o(i.Delay100ms) for Delay100ms
    spaceinvaders.o(i.main) refers to spaceinvaders.o(i.Print_Statistics) for Print_Statistics
    spaceinvaders.o(i.main) refers to spaceinvaders.o(.data) for _my_counter_ptr
    spaceinvaders.o(i.reviveEnemyIfPossible) refers to spaceinvaders.o(i.setRandomEnemyCoords) for setRandomEnemyCoords
    spaceinvaders.o(i.reviveEnemyIfPossible) refers to spaceinvaders.o(.bss) for Enemy
    spaceinvaders.o(i.setRandomEnemyCoords) refers to random.o(.text) for Random
    spaceinvaders.o(i.setRandomEnemyCoords) refers to spaceinvaders.o(i.Random_Drawable_Y_Pos) for Random_Drawable_Y_Pos
    spaceinvaders.o(i.setRandomEnemyCoords) refers to spaceinvaders.o(i.willEnemyBumpOtherStuff) for willEnemyBumpOtherStuff
    spaceinvaders.o(i.setRandomEnemyCoords) refers to spaceinvaders.o(.bss) for Enemy
    spaceinvaders.o(i.willEnemyBumpOtherStuff) refers to spaceinvaders.o(i.checkTouching) for checkTouching
    spaceinvaders.o(i.willEnemyBumpOtherStuff) refers to spaceinvaders.o(.bss) for Enemy
    spaceinvaders.o(.data) refers to spaceinvaders.o(.constdata) for BigExplosion0
    texas.o(i.SetCode) refers to texas.o(.bss) for TExaS
    texas.o(i.SetCourse) refers to texas.o(.bss) for TExaS
    texas.o(i.SetMode) refers to texas.o(.bss) for TExaS
    texas.o(i.StartTimer4) refers to texas.o(.data) for ScopeCount
    texas.o(i.TExaS_Init) refers to texas.o(i.PLL_Init) for PLL_Init
    texas.o(i.TExaS_Init) refers to texas.o(i.SetCourse) for SetCourse
    texas.o(i.TExaS_Init) refers to texas.o(i.UART0_Init) for UART0_Init
    texas.o(i.TExaS_Init) refers to texas.o(i.SetCode) for SetCode
    texas.o(i.TExaS_Init) refers to texas.o(i.ADC1_Init) for ADC1_Init
    texas.o(i.TExaS_Init) refers to texas.o(.constdata) for IntroMsg
    texas.o(i.TExaS_Init) refers to texas.o(.bss) for TExaS
    texas.o(i.TExaS_Init) refers to texas.o(.data) for LastMode
    texas.o(i.Timer5A_Handler) refers to texas.o(i.ADC1_In) for ADC1_In
    texas.o(i.Timer5A_Handler) refers to texas.o(.data) for TExaS_Period
    __main.o(!!!main) refers to rtentry.o(.ARM.Collect$$rtentry$$00000000) for __rt_entry
    rtentry.o(.ARM.Collect$$rtentry$$00000000) refers (Special) to rtentry2.o(.ARM.Collect$$rtentry$$0000000A) for __rt_entry_li
    rtentry.o(.ARM.Collect$$rtentry$$00000000) refers (Special) to rtentry2.o(.ARM.Collect$$rtentry$$0000000D) for __rt_entry_main
    rtentry.o(.ARM.Collect$$rtentry$$00000000) refers (Special) to rtentry2.o(.ARM.Collect$$rtentry$$0000000C) for __rt_entry_postli_1
    rtentry.o(.ARM.Collect$$rtentry$$00000000) refers (Special) to rtentry2.o(.ARM.Collect$$rtentry$$00000009) for __rt_entry_postsh_1
    rtentry.o(.ARM.Collect$$rtentry$$00000000) refers (Special) to rtentry2.o(.ARM.Collect$$rtentry$$00000002) for __rt_entry_presh_1
    rtentry.o(.ARM.Collect$$rtentry$$00000000) refers (Special) to rtentry4.o(.ARM.Collect$$rtentry$$00000004) for __rt_entry_sh
    rtentry2.o(.ARM.Collect$$rtentry$$00000008) refers to boardinit2.o(.text) for _platform_post_stackheap_init
    rtentry2.o(.ARM.Collect$$rtentry$$0000000A) refers to libinit.o(.ARM.Collect$$libinit$$00000000) for __rt_lib_init
    rtentry2.o(.ARM.Collect$$rtentry$$0000000B) refers to boardinit3.o(.text) for _platform_post_lib_init
    rtentry2.o(.ARM.Collect$$rtentry$$0000000D) refers to spaceinvaders.o(i.main) for main
    rtentry2.o(.ARM.Collect$$rtentry$$0000000D) refers to exit.o(.text) for exit
    rtentry2.o(.ARM.exidx) refers to rtentry2.o(.ARM.Collect$$rtentry$$00000001) for .ARM.Collect$$rtentry$$00000001
    rtentry2.o(.ARM.exidx) refers to rtentry2.o(.ARM.Collect$$rtentry$$00000008) for .ARM.Collect$$rtentry$$00000008
    rtentry2.o(.ARM.exidx) refers to rtentry2.o(.ARM.Collect$$rtentry$$0000000A) for .ARM.Collect$$rtentry$$0000000A
    rtentry2.o(.ARM.exidx) refers to rtentry2.o(.ARM.Collect$$rtentry$$0000000B) for .ARM.Collect$$rtentry$$0000000B
    rtentry2.o(.ARM.exidx) refers to rtentry2.o(.ARM.Collect$$rtentry$$0000000D) for .ARM.Collect$$rtentry$$0000000D
    rtentry4.o(.ARM.Collect$$rtentry$$00000004) refers to sys_stackheap_outer.o(.text) for __user_setup_stackheap
    rtentry4.o(.ARM.exidx) refers to rtentry4.o(.ARM.Collect$$rtentry$$00000004) for .ARM.Collect$$rtentry$$00000004
    sys_stackheap_outer.o(.text) refers to libspace.o(.text) for __user_perproc_libspace
    sys_stackheap_outer.o(.text) refers to startup.o(.text) for __user_initial_stackheap
    exit.o(.text) refers to rtexit.o(.ARM.Collect$$rtexit$$00000000) for __rt_exit
    libinit.o(.ARM.Collect$$libinit$$00000000) refers (Special) to libinit2.o(.ARM.Collect$$libinit$$0000002C) for __rt_lib_init_alloca_1
    libinit.o(.ARM.Collect$$libinit$$00000000) refers (Special) to libinit2.o(.ARM.Collect$$libinit$$0000002A) for __rt_lib_init_argv_1
    libinit.o(.ARM.Collect$$libinit$$00000000) refers (Special) to libinit2.o(.ARM.Collect$$libinit$$00000019) for __rt_lib_init_atexit_1
    libinit.o(.ARM.Collect$$libinit$$00000000) refers (Special) to libinit2.o(.ARM.Collect$$libinit$$0000001F) for __rt_lib_init_clock_1
    libinit.o(.ARM.Collect$$libinit$$00000000) refers (Special) to libinit2.o(.ARM.Collect$$libinit$$00000030) for __rt_lib_init_cpp_1
    libinit.o(.ARM.Collect$$libinit$$00000000) refers (Special) to libinit2.o(.ARM.Collect$$libinit$$0000002E) for __rt_lib_init_exceptions_1
    libinit.o(.ARM.Collect$$libinit$$00000000) refers (Special) to libinit2.o(.ARM.Collect$$libinit$$00000002) for __rt_lib_init_fp_1
    libinit.o(.ARM.Collect$$libinit$$00000000) refers (Special) to libinit2.o(.ARM.Collect$$libinit$$0000001D) for __rt_lib_init_fp_trap_1
    libinit.o(.ARM.Collect$$libinit$$00000000) refers (Special) to libinit2.o(.ARM.Collect$$libinit$$00000021) for __rt_lib_init_getenv_1
    libinit.o(.ARM.Collect$$libinit$$00000000) refers (Special) to libinit2.o(.ARM.Collect$$libinit$$00000008) for __rt_lib_init_heap_1
    libinit.o(.ARM.Collect$$libinit$$00000000) refers (Special) to libinit2.o(.ARM.Collect$$libinit$$0000000F) for __rt_lib_init_lc_collate_1
    libinit.o(.ARM.Collect$$libinit$$00000000) refers (Special) to libinit2.o(.ARM.Collect$$libinit$$00000011) for __rt_lib_init_lc_ctype_1
    libinit.o(.ARM.Collect$$libinit$$00000000) refers (Special) to libinit2.o(.ARM.Collect$$libinit$$00000013) for __rt_lib_init_lc_monetary_1
    libinit.o(.ARM.Collect$$libinit$$00000000) refers (Special) to libinit2.o(.ARM.Collect$$libinit$$00000015) for __rt_lib_init_lc_numeric_1
    libinit.o(.ARM.Collect$$libinit$$00000000) refers (Special) to libinit2.o(.ARM.Collect$$libinit$$00000017) for __rt_lib_init_lc_time_1
    libinit.o(.ARM.Collect$$libinit$$00000000) refers (Special) to libinit2.o(.ARM.Collect$$libinit$$0000000C) for __rt_lib_init_rand_1
    libinit.o(.ARM.Collect$$libinit$$00000000) refers (Special) to libinit2.o(.ARM.Collect$$libinit$$00000031) for __rt_lib_init_return
    libinit.o(.ARM.Collect$$libinit$$00000000) refers (Special) to libinit2.o(.ARM.Collect$$libinit$$0000001B) for __rt_lib_init_signal_1
    libinit.o(.ARM.Collect$$libinit$$00000000) refers (Special) to libinit2.o(.ARM.Collect$$libinit$$00000023) for __rt_lib_init_stdio_1
    libinit.o(.ARM.Collect$$libinit$$00000000) refers (Special) to libinit2.o(.ARM.Collect$$libinit$$0000000A) for __rt_lib_init_user_alloc_1
    libspace.o(.text) refers to libspace.o(.bss) for __libspace_start
    rtexit.o(.ARM.Collect$$rtexit$$00000000) refers (Special) to rtexit2.o(.ARM.Collect$$rtexit$$00000004) for __rt_exit_exit
    rtexit.o(.ARM.Collect$$rtexit$$00000000) refers (Special) to rtexit2.o(.ARM.Collect$$rtexit$$00000003) for __rt_exit_ls
    rtexit.o(.ARM.Collect$$rtexit$$00000000) refers (Special) to rtexit2.o(.ARM.Collect$$rtexit$$00000002) for __rt_exit_prels_1
    rtexit.o(.ARM.exidx) refers (Special) to rtexit2.o(.ARM.Collect$$rtexit$$00000004) for __rt_exit_exit
    rtexit.o(.ARM.exidx) refers (Special) to rtexit2.o(.ARM.Collect$$rtexit$$00000003) for __rt_exit_ls
    rtexit.o(.ARM.exidx) refers (Special) to rtexit2.o(.ARM.Collect$$rtexit$$00000002) for __rt_exit_prels_1
    rtexit.o(.ARM.exidx) refers to rtexit.o(.ARM.Collect$$rtexit$$00000000) for .ARM.Collect$$rtexit$$00000000
    libinit2.o(.ARM.Collect$$libinit$$0000000E) refers to libinit2.o(.ARM.Collect$$libinit$$0000000D) for .ARM.Collect$$libinit$$0000000D
    libinit2.o(.ARM.Collect$$libinit$$00000010) refers to libinit2.o(.ARM.Collect$$libinit$$0000000D) for .ARM.Collect$$libinit$$0000000D
    libinit2.o(.ARM.Collect$$libinit$$00000012) refers to libinit2.o(.ARM.Collect$$libinit$$0000000D) for .ARM.Collect$$libinit$$0000000D
    libinit2.o(.ARM.Collect$$libinit$$00000014) refers to libinit2.o(.ARM.Collect$$libinit$$0000000D) for .ARM.Collect$$libinit$$0000000D
    libinit2.o(.ARM.Collect$$libinit$$00000016) refers to libinit2.o(.ARM.Collect$$libinit$$0000000D) for .ARM.Collect$$libinit$$0000000D
    libinit2.o(.ARM.Collect$$libinit$$00000024) refers to argv_veneer.o(.emb_text) for __ARM_argv_veneer
    libinit2.o(.ARM.Collect$$libinit$$00000025) refers to argv_veneer.o(.emb_text) for __ARM_argv_veneer
    rtexit2.o(.ARM.Collect$$rtexit$$00000003) refers to libshutdown.o(.ARM.Collect$$libshutdown$$00000000) for __rt_lib_shutdown
    rtexit2.o(.ARM.Collect$$rtexit$$00000004) refers to sys_exit.o(.text) for _sys_exit
    rtexit2.o(.ARM.exidx) refers to rtexit2.o(.ARM.Collect$$rtexit$$00000001) for .ARM.Collect$$rtexit$$00000001
    rtexit2.o(.ARM.exidx) refers to rtexit2.o(.ARM.Collect$$rtexit$$00000003) for .ARM.Collect$$rtexit$$00000003
    rtexit2.o(.ARM.exidx) refers to rtexit2.o(.ARM.Collect$$rtexit$$00000004) for .ARM.Collect$$rtexit$$00000004
    argv_veneer.o(.emb_text) refers to no_argv.o(.text) for __ARM_get_argv
    sys_exit.o(.text) refers (Special) to use_no_semi.o(.text) for __I$use$semihosting
    sys_exit.o(.text) refers (Special) to indicate_semi.o(.text) for __semihosting_library_function
    _get_argv_nomalloc.o(.text) refers (Special) to hrguard.o(.text) for __heap_region$guard
    _get_argv_nomalloc.o(.text) refers to defsig_rtmem_outer.o(.text) for __rt_SIGRTMEM
    _get_argv_nomalloc.o(.text) refers to sys_command.o(.text) for _sys_command_string
    libshutdown.o(.ARM.Collect$$libshutdown$$00000000) refers (Special) to libshutdown2.o(.ARM.Collect$$libshutdown$$00000006) for __rt_lib_shutdown_fp_trap_1
    libshutdown.o(.ARM.Collect$$libshutdown$$00000000) refers (Special) to libshutdown2.o(.ARM.Collect$$libshutdown$$0000000E) for __rt_lib_shutdown_heap_1
    libshutdown.o(.ARM.Collect$$libshutdown$$00000000) refers (Special) to libshutdown2.o(.ARM.Collect$$libshutdown$$0000000F) for __rt_lib_shutdown_return
    libshutdown.o(.ARM.Collect$$libshutdown$$00000000) refers (Special) to libshutdown2.o(.ARM.Collect$$libshutdown$$00000009) for __rt_lib_shutdown_signal_1
    libshutdown.o(.ARM.Collect$$libshutdown$$00000000) refers (Special) to libshutdown2.o(.ARM.Collect$$libshutdown$$00000003) for __rt_lib_shutdown_stdio_1
    libshutdown.o(.ARM.Collect$$libshutdown$$00000000) refers (Special) to libshutdown2.o(.ARM.Collect$$libshutdown$$0000000B) for __rt_lib_shutdown_user_alloc_1
    sys_command.o(.text) refers (Special) to use_no_semi.o(.text) for __I$use$semihosting
    sys_command.o(.text) refers (Special) to indicate_semi.o(.text) for __semihosting_library_function
    defsig_rtmem_outer.o(.text) refers to defsig_rtmem_inner.o(.text) for __rt_SIGRTMEM_inner
    defsig_rtmem_outer.o(.text) refers to defsig_exit.o(.text) for __sig_exit
    defsig_rtmem_formal.o(.text) refers to rt_raise.o(.text) for __rt_raise
    rt_raise.o(.text) refers to __raise.o(.text) for __raise
    rt_raise.o(.text) refers to sys_exit.o(.text) for _sys_exit
    defsig_exit.o(.text) refers to sys_exit.o(.text) for _sys_exit
    defsig_rtmem_inner.o(.text) refers to defsig_general.o(.text) for __default_signal_display
    __raise.o(.text) refers to defsig.o(CL$$defsig) for __default_signal_handler
    defsig_general.o(.text) refers to sys_wrch.o(.text) for _ttywrch
    sys_wrch.o(.text) refers (Special) to use_no_semi.o(.text) for __I$use$semihosting
    sys_wrch.o(.text) refers (Special) to indicate_semi.o(.text) for __semihosting_library_function
    defsig.o(CL$$defsig) refers to defsig_rtmem_inner.o(.text) for __rt_SIGRTMEM_inner
    defsig_abrt_inner.o(.text) refers to defsig_general.o(.text) for __default_signal_display
    defsig_fpe_inner.o(.text) refers to defsig_general.o(.text) for __default_signal_display
    defsig_rtred_inner.o(.text) refers to defsig_general.o(.text) for __default_signal_display
    defsig_stak_inner.o(.text) refers to defsig_general.o(.text) for __default_signal_display
    defsig_pvfn_inner.o(.text) refers to defsig_general.o(.text) for __default_signal_display
    defsig_cppl_inner.o(.text) refers to defsig_general.o(.text) for __default_signal_display
    defsig_segv_inner.o(.text) refers to defsig_general.o(.text) for __default_signal_display
    defsig_other.o(.text) refers to defsig_general.o(.text) for __default_signal_display


==============================================================================

Removing Unused input sections from the image.

    Removing spaceinvaders.o(i.TurnOffLifeLED), (24 bytes).
    Removing texas.o(i.SetMode), (24 bytes).
    Removing texas.o(i.StartTimer4), (36 bytes).
    Removing texas.o(i.StopTimer4), (24 bytes).
    Removing texas.o(i.TExaS_Stop), (28 bytes).
    Removing texas.o(i.UART0_InChar), (24 bytes).
    Removing texas.o(i.UART0_InCharNonBlocking), (28 bytes).
    Removing texas.o(i.UART0_OutChar), (24 bytes).
    Removing texas.o(i.UART0_OutCharNonBlock), (12 bytes).
    Removing texas.o(i.copy), (18 bytes).

10 unused section(s) (total 242 bytes) removed from the image.

==============================================================================

Image Symbol Table

    Local Symbols

    Symbol Name                              Value     Ov Type        Size  Object(Section)

    RESET                                    0x00000000   Section      644  startup.o(RESET)
    ../clib/angel/boardlib.s                 0x00000000   Number         0  boardinit1.o ABSOLUTE
    ../clib/angel/boardlib.s                 0x00000000   Number         0  boardshut.o ABSOLUTE
    ../clib/angel/boardlib.s                 0x00000000   Number         0  boardinit2.o ABSOLUTE
    ../clib/angel/boardlib.s                 0x00000000   Number         0  boardinit3.o ABSOLUTE
    ../clib/angel/handlers.s                 0x00000000   Number         0  __scatter_copy.o ABSOLUTE
    ../clib/angel/handlers.s                 0x00000000   Number         0  __scatter_zi.o ABSOLUTE
    ../clib/angel/kernel.s                   0x00000000   Number         0  rtentry2.o ABSOLUTE
    ../clib/angel/kernel.s                   0x00000000   Number         0  rtentry4.o ABSOLUTE
    ../clib/angel/kernel.s                   0x00000000   Number         0  rtexit.o ABSOLUTE
    ../clib/angel/kernel.s                   0x00000000   Number         0  rtexit2.o ABSOLUTE
    ../clib/angel/kernel.s                   0x00000000   Number         0  rtentry.o ABSOLUTE
    ../clib/angel/rt.s                       0x00000000   Number         0  rt_raise.o ABSOLUTE
    ../clib/angel/scatter.s                  0x00000000   Number         0  __scatter.o ABSOLUTE
    ../clib/angel/startup.s                  0x00000000   Number         0  __main.o ABSOLUTE
    ../clib/angel/sys.s                      0x00000000   Number         0  libspace.o ABSOLUTE
    ../clib/angel/sys.s                      0x00000000   Number         0  use_no_semi.o ABSOLUTE
    ../clib/angel/sys.s                      0x00000000   Number         0  sys_stackheap_outer.o ABSOLUTE
    ../clib/angel/sys.s                      0x00000000   Number         0  indicate_semi.o ABSOLUTE
    ../clib/angel/sysapp.c                   0x00000000   Number         0  sys_wrch.o ABSOLUTE
    ../clib/angel/sysapp.c                   0x00000000   Number         0  sys_exit.o ABSOLUTE
    ../clib/angel/sysapp.c                   0x00000000   Number         0  sys_command.o ABSOLUTE
    ../clib/armsys.c                         0x00000000   Number         0  no_argv.o ABSOLUTE
    ../clib/armsys.c                         0x00000000   Number         0  _get_argv_nomalloc.o ABSOLUTE
    ../clib/armsys.c                         0x00000000   Number         0  argv_veneer.o ABSOLUTE
    ../clib/armsys.c                         0x00000000   Number         0  argv_veneer.o ABSOLUTE
    ../clib/heapalloc.c                      0x00000000   Number         0  hrguard.o ABSOLUTE
    ../clib/heapaux.c                        0x00000000   Number         0  heapauxi.o ABSOLUTE
    ../clib/libinit.s                        0x00000000   Number         0  libshutdown2.o ABSOLUTE
    ../clib/libinit.s                        0x00000000   Number         0  libinit.o ABSOLUTE
    ../clib/libinit.s                        0x00000000   Number         0  libshutdown.o ABSOLUTE
    ../clib/libinit.s                        0x00000000   Number         0  libinit2.o ABSOLUTE
    ../clib/memcpset.s                       0x00000000   Number         0  rt_memcpy_w.o ABSOLUTE
    ../clib/signal.c                         0x00000000   Number         0  defsig_pvfn_inner.o ABSOLUTE
    ../clib/signal.c                         0x00000000   Number         0  defsig_stak_inner.o ABSOLUTE
    ../clib/signal.c                         0x00000000   Number         0  defsig_fpe_inner.o ABSOLUTE
    ../clib/signal.c                         0x00000000   Number         0  defsig_abrt_inner.o ABSOLUTE
    ../clib/signal.c                         0x00000000   Number         0  defsig_general.o ABSOLUTE
    ../clib/signal.c                         0x00000000   Number         0  __raise.o ABSOLUTE
    ../clib/signal.c                         0x00000000   Number         0  defsig_rtmem_inner.o ABSOLUTE
    ../clib/signal.c                         0x00000000   Number         0  defsig_exit.o ABSOLUTE
    ../clib/signal.c                         0x00000000   Number         0  defsig_segv_inner.o ABSOLUTE
    ../clib/signal.c                         0x00000000   Number         0  defsig_rtmem_formal.o ABSOLUTE
    ../clib/signal.c                         0x00000000   Number         0  defsig_rtmem_outer.o ABSOLUTE
    ../clib/signal.c                         0x00000000   Number         0  defsig_rtred_inner.o ABSOLUTE
    ../clib/signal.c                         0x00000000   Number         0  defsig_other.o ABSOLUTE
    ../clib/signal.c                         0x00000000   Number         0  defsig_cppl_inner.o ABSOLUTE
    ../clib/signal.s                         0x00000000   Number         0  defsig.o ABSOLUTE
    ../clib/stdlib.c                         0x00000000   Number         0  exit.o ABSOLUTE
    ../fplib/fpinit.s                        0x00000000   Number         0  fpinit.o ABSOLUTE
    Nokia5110.c                              0x00000000   Number         0  nokia5110.o ABSOLUTE
    SpaceInvaders.c                          0x00000000   Number         0  spaceinvaders.o ABSOLUTE
    TExaS.c                                  0x00000000   Number         0  texas.o ABSOLUTE
    dc.s                                     0x00000000   Number         0  dc.o ABSOLUTE
    random.s                                 0x00000000   Number         0  random.o ABSOLUTE
    startup.s                                0x00000000   Number         0  startup.o ABSOLUTE
    !!!main                                  0x00000284   Section        8  __main.o(!!!main)
    !!!scatter                               0x0000028c   Section       52  __scatter.o(!!!scatter)
    !!handler_copy                           0x000002c0   Section       26  __scatter_copy.o(!!handler_copy)
    !!handler_zi                             0x000002dc   Section       28  __scatter_zi.o(!!handler_zi)
    .ARM.Collect$$libinit$$00000000          0x000002f8   Section        2  libinit.o(.ARM.Collect$$libinit$$00000000)
    .ARM.Collect$$libinit$$00000002          0x000002fa   Section        0  libinit2.o(.ARM.Collect$$libinit$$00000002)
    .ARM.Collect$$libinit$$00000008          0x000002fa   Section        0  libinit2.o(.ARM.Collect$$libinit$$00000008)
    .ARM.Collect$$libinit$$0000000A          0x000002fa   Section        0  libinit2.o(.ARM.Collect$$libinit$$0000000A)
    .ARM.Collect$$libinit$$0000000C          0x000002fa   Section        0  libinit2.o(.ARM.Collect$$libinit$$0000000C)
    .ARM.Collect$$libinit$$0000000F          0x000002fa   Section        0  libinit2.o(.ARM.Collect$$libinit$$0000000F)
    .ARM.Collect$$libinit$$00000011          0x000002fa   Section        0  libinit2.o(.ARM.Collect$$libinit$$00000011)
    .ARM.Collect$$libinit$$00000013          0x000002fa   Section        0  libinit2.o(.ARM.Collect$$libinit$$00000013)
    .ARM.Collect$$libinit$$00000015          0x000002fa   Section        0  libinit2.o(.ARM.Collect$$libinit$$00000015)
    .ARM.Collect$$libinit$$00000017          0x000002fa   Section        0  libinit2.o(.ARM.Collect$$libinit$$00000017)
    .ARM.Collect$$libinit$$00000019          0x000002fa   Section        0  libinit2.o(.ARM.Collect$$libinit$$00000019)
    .ARM.Collect$$libinit$$0000001B          0x000002fa   Section        0  libinit2.o(.ARM.Collect$$libinit$$0000001B)
    .ARM.Collect$$libinit$$0000001D          0x000002fa   Section        0  libinit2.o(.ARM.Collect$$libinit$$0000001D)
    .ARM.Collect$$libinit$$0000001F          0x000002fa   Section        0  libinit2.o(.ARM.Collect$$libinit$$0000001F)
    .ARM.Collect$$libinit$$00000021          0x000002fa   Section        0  libinit2.o(.ARM.Collect$$libinit$$00000021)
    .ARM.Collect$$libinit$$00000023          0x000002fa   Section        0  libinit2.o(.ARM.Collect$$libinit$$00000023)
    .ARM.Collect$$libinit$$0000002A          0x000002fa   Section        0  libinit2.o(.ARM.Collect$$libinit$$0000002A)
    .ARM.Collect$$libinit$$0000002C          0x000002fa   Section        0  libinit2.o(.ARM.Collect$$libinit$$0000002C)
    .ARM.Collect$$libinit$$0000002E          0x000002fa   Section        0  libinit2.o(.ARM.Collect$$libinit$$0000002E)
    .ARM.Collect$$libinit$$00000030          0x000002fa   Section        0  libinit2.o(.ARM.Collect$$libinit$$00000030)
    .ARM.Collect$$libinit$$00000031          0x000002fa   Section        2  libinit2.o(.ARM.Collect$$libinit$$00000031)
    .ARM.Collect$$libshutdown$$00000000      0x000002fc   Section        2  libshutdown.o(.ARM.Collect$$libshutdown$$00000000)
    .ARM.Collect$$libshutdown$$00000003      0x000002fe   Section        0  libshutdown2.o(.ARM.Collect$$libshutdown$$00000003)
    .ARM.Collect$$libshutdown$$00000006      0x000002fe   Section        0  libshutdown2.o(.ARM.Collect$$libshutdown$$00000006)
    .ARM.Collect$$libshutdown$$00000009      0x000002fe   Section        0  libshutdown2.o(.ARM.Collect$$libshutdown$$00000009)
    .ARM.Collect$$libshutdown$$0000000B      0x000002fe   Section        0  libshutdown2.o(.ARM.Collect$$libshutdown$$0000000B)
    .ARM.Collect$$libshutdown$$0000000E      0x000002fe   Section        0  libshutdown2.o(.ARM.Collect$$libshutdown$$0000000E)
    .ARM.Collect$$libshutdown$$0000000F      0x000002fe   Section        2  libshutdown2.o(.ARM.Collect$$libshutdown$$0000000F)
    .ARM.Collect$$rtentry$$00000000          0x00000300   Section        0  rtentry.o(.ARM.Collect$$rtentry$$00000000)
    .ARM.Collect$$rtentry$$00000002          0x00000300   Section        0  rtentry2.o(.ARM.Collect$$rtentry$$00000002)
    .ARM.Collect$$rtentry$$00000004          0x00000300   Section        6  rtentry4.o(.ARM.Collect$$rtentry$$00000004)
    .ARM.Collect$$rtentry$$00000009          0x00000306   Section        0  rtentry2.o(.ARM.Collect$$rtentry$$00000009)
    .ARM.Collect$$rtentry$$0000000A          0x00000306   Section        4  rtentry2.o(.ARM.Collect$$rtentry$$0000000A)
    .ARM.Collect$$rtentry$$0000000C          0x0000030a   Section        0  rtentry2.o(.ARM.Collect$$rtentry$$0000000C)
    .ARM.Collect$$rtentry$$0000000D          0x0000030a   Section        8  rtentry2.o(.ARM.Collect$$rtentry$$0000000D)
    .ARM.Collect$$rtexit$$00000000           0x00000312   Section        2  rtexit.o(.ARM.Collect$$rtexit$$00000000)
    .ARM.Collect$$rtexit$$00000002           0x00000314   Section        0  rtexit2.o(.ARM.Collect$$rtexit$$00000002)
    .ARM.Collect$$rtexit$$00000003           0x00000314   Section        4  rtexit2.o(.ARM.Collect$$rtexit$$00000003)
    .ARM.Collect$$rtexit$$00000004           0x00000318   Section        6  rtexit2.o(.ARM.Collect$$rtexit$$00000004)
    .text                                    0x00000320   Section       48  startup.o(.text)
    .text                                    0x00000350   Section       64  random.o(.text)
    .text                                    0x00000390   Section      100  rt_memcpy_w.o(.text)
    .text                                    0x000003f4   Section        0  heapauxi.o(.text)
    .text                                    0x000003fa   Section       74  sys_stackheap_outer.o(.text)
    .text                                    0x00000444   Section        0  exit.o(.text)
    .text                                    0x00000450   Section        8  libspace.o(.text)
    .text                                    0x00000458   Section        0  sys_exit.o(.text)
    .text                                    0x00000464   Section        2  use_no_semi.o(.text)
    .text                                    0x00000466   Section        0  indicate_semi.o(.text)
    i.ADC0_In                                0x00000468   Section        0  spaceinvaders.o(i.ADC0_In)
    i.ADC1_In                                0x00000494   Section        0  texas.o(i.ADC1_In)
    i.ADC1_Init                              0x000004a0   Section        0  texas.o(i.ADC1_Init)
    i.Convert                                0x00000574   Section        0  spaceinvaders.o(i.Convert)
    i.DAC_Out                                0x0000059c   Section        0  spaceinvaders.o(i.DAC_Out)
    i.Delay100ms                             0x000005b4   Section        0  spaceinvaders.o(i.Delay100ms)
    i.Fire_Button_Pressed                    0x000005d8   Section        0  spaceinvaders.o(i.Fire_Button_Pressed)
    i.GameEngineOperations                   0x000005e8   Section        0  spaceinvaders.o(i.GameEngineOperations)
    i.GameOver                               0x00000b38   Section        0  spaceinvaders.o(i.GameOver)
    i.InitSprites                            0x00000bac   Section        0  spaceinvaders.o(i.InitSprites)
    i.Nokia5110_Clear                        0x00000ca0   Section        0  nokia5110.o(i.Nokia5110_Clear)
    i.Nokia5110_ClearBuffer                  0x00000cc0   Section        0  nokia5110.o(i.Nokia5110_ClearBuffer)
    i.Nokia5110_DisplayBuffer                0x00000cd8   Section        0  nokia5110.o(i.Nokia5110_DisplayBuffer)
    i.Nokia5110_DrawFullImage                0x00000ce8   Section        0  nokia5110.o(i.Nokia5110_DrawFullImage)
    i.Nokia5110_Init                         0x00000d0c   Section        0  nokia5110.o(i.Nokia5110_Init)
    i.Nokia5110_OutChar                      0x00000e78   Section        0  nokia5110.o(i.Nokia5110_OutChar)
    i.Nokia5110_OutString                    0x00000eb0   Section        0  nokia5110.o(i.Nokia5110_OutString)
    i.Nokia5110_OutUDec                      0x00000ec8   Section        0  nokia5110.o(i.Nokia5110_OutUDec)
    i.Nokia5110_PrintBMP                     0x00001064   Section        0  nokia5110.o(i.Nokia5110_PrintBMP)
    i.Nokia5110_SetCursor                    0x0000120c   Section        0  nokia5110.o(i.Nokia5110_SetCursor)
    i.PLL_Init                               0x0000123c   Section        0  texas.o(i.PLL_Init)
    i.Ports_Init                             0x000012b8   Section        0  spaceinvaders.o(i.Ports_Init)
    i.Print_Statistics                       0x0000146c   Section        0  spaceinvaders.o(i.Print_Statistics)
    i.Random_Drawable_X_Pos                  0x00001594   Section        0  spaceinvaders.o(i.Random_Drawable_X_Pos)
    i.Random_Drawable_Y_Pos                  0x000015ac   Section        0  spaceinvaders.o(i.Random_Drawable_Y_Pos)
    i.RenderingOperations                    0x000015cc   Section        0  spaceinvaders.o(i.RenderingOperations)
    i.RestartGame                            0x00001830   Section        0  spaceinvaders.o(i.RestartGame)
    i.SetCode                                0x0000194c   Section        0  texas.o(i.SetCode)
    i.SetCourse                              0x00001964   Section        0  texas.o(i.SetCourse)
    i.Sound_Play                             0x0000197c   Section        0  spaceinvaders.o(i.Sound_Play)
    i.Special_Button_Pressed                 0x000019a4   Section        0  spaceinvaders.o(i.Special_Button_Pressed)
    i.SysTick_Handler                        0x000019b4   Section        0  spaceinvaders.o(i.SysTick_Handler)
    i.SysTick_Init                           0x00001a0c   Section        0  spaceinvaders.o(i.SysTick_Init)
    i.TExaS_Init                             0x00001a40   Section        0  texas.o(i.TExaS_Init)
    i.Timer2A_Handler                        0x00001c04   Section        0  spaceinvaders.o(i.Timer2A_Handler)
    i.Timer2A_Start                          0x00001c4c   Section        0  spaceinvaders.o(i.Timer2A_Start)
    i.Timer2A_Stop                           0x00001c60   Section        0  spaceinvaders.o(i.Timer2A_Stop)
    i.Timer2_Init                            0x00001c74   Section        0  spaceinvaders.o(i.Timer2_Init)
    i.Timer4A_Handler                        0x00001cd0   Section        0  texas.o(i.Timer4A_Handler)
    i.Timer5A_Handler                        0x00001cf0   Section        0  texas.o(i.Timer5A_Handler)
    i.TurnOffSpecialLED                      0x00001d20   Section        0  spaceinvaders.o(i.TurnOffSpecialLED)
    i.UART0_Init                             0x00001d38   Section        0  texas.o(i.UART0_Init)
    i.checkTouching                          0x00001df8   Section        0  spaceinvaders.o(i.checkTouching)
    i.checkTouchingMissileVsSprite           0x00001e9c   Section        0  spaceinvaders.o(i.checkTouchingMissileVsSprite)
    i.checkTouchingSpriteVsSprite            0x00001ed4   Section        0  spaceinvaders.o(i.checkTouchingSpriteVsSprite)
    i.isEnemyOnScreen                        0x00001f0c   Section        0  spaceinvaders.o(i.isEnemyOnScreen)
    i.isGameOver                             0x00001f38   Section        0  spaceinvaders.o(i.isGameOver)
    i.lcdwrite                               0x00001f74   Section        0  nokia5110.o(i.lcdwrite)
    lcdwrite                                 0x00001f75   Thumb Code    66  nokia5110.o(i.lcdwrite)
    i.main                                   0x00001fc0   Section        0  spaceinvaders.o(i.main)
    i.reviveEnemyIfPossible                  0x00002064   Section        0  spaceinvaders.o(i.reviveEnemyIfPossible)
    i.setRandomEnemyCoords                   0x000020e8   Section        0  spaceinvaders.o(i.setRandomEnemyCoords)
    i.willEnemyBumpOtherStuff                0x00002190   Section        0  spaceinvaders.o(i.willEnemyBumpOtherStuff)
    .constdata                               0x00002284   Section      480  nokia5110.o(.constdata)
    ASCII                                    0x00002284   Data         480  nokia5110.o(.constdata)
    .constdata                               0x00002464   Section    18501  spaceinvaders.o(.constdata)
    ASCII                                    0x00002464   Data         480  spaceinvaders.o(.constdata)
    .constdata                               0x00006ca9   Section      360  texas.o(.constdata)
    .data                                    0x20000000   Section      151  spaceinvaders.o(.data)
    .data                                    0x20000098   Section       52  texas.o(.data)
    DATA                                     0x200000cc   Section        4  random.o(DATA)
    M                                        0x200000cc   Data           4  random.o(DATA)
    .bss                                     0x200000d0   Section      504  nokia5110.o(.bss)
    .bss                                     0x200002c8   Section      692  spaceinvaders.o(.bss)
    .bss                                     0x20000580   Section       56  texas.o(.bss)
    .bss                                     0x200005b8   Section       96  libspace.o(.bss)
    HEAP                                     0x20000618   Section        0  startup.o(HEAP)
    STACK                                    0x20000618   Section     1024  startup.o(STACK)
    HeapMem                                  0x20000618   Data           0  startup.o(HEAP)
    StackMem                                 0x20000618   Data           0  startup.o(STACK)

    Global Symbols

    Symbol Name                              Value     Ov Type        Size  Object(Section)

    BuildAttributes$$THM_ISAv4$E$P$D$K$B$S$7EM$PE$A:L22UL41UL21$X:L11$S22US41US21$IEEE1$IW$USESV6$~STKCKD$USESV7$~SHL$OSPACE$ROPI$EBA8$UX$STANDARDLIB$REQ8$PRES8$EABIv2 0x00000000   Number         0  anon$$obj.o ABSOLUTE
    __ARM_use_no_argv                        0x00000000   Number         0  spaceinvaders.o ABSOLUTE
    __Vectors                                0x00000000   Data           0  startup.o(RESET)
    __ARM_exceptions_init                     - Undefined Weak Reference
    __alloca_initialize                       - Undefined Weak Reference
    __cpp_initialize__aeabi_                  - Undefined Weak Reference
    __cxa_finalize                            - Undefined Weak Reference
    __rt_locale                               - Undefined Weak Reference
    __sigvec_lookup                           - Undefined Weak Reference
    _atexit_init                              - Undefined Weak Reference
    _call_atexit_fns                          - Undefined Weak Reference
    _clock_init                               - Undefined Weak Reference
    _fp_trap_init                             - Undefined Weak Reference
    _fp_trap_shutdown                         - Undefined Weak Reference
    _get_lc_collate                           - Undefined Weak Reference
    _get_lc_ctype                             - Undefined Weak Reference
    _get_lc_monetary                          - Undefined Weak Reference
    _get_lc_numeric                           - Undefined Weak Reference
    _get_lc_time                              - Undefined Weak Reference
    _getenv_init                              - Undefined Weak Reference
    _handle_redirection                       - Undefined Weak Reference
    _init_alloc                               - Undefined Weak Reference
    _init_user_alloc                          - Undefined Weak Reference
    _initio                                   - Undefined Weak Reference
    _rand_init                                - Undefined Weak Reference
    _signal_finish                            - Undefined Weak Reference
    _signal_init                              - Undefined Weak Reference
    _terminate_alloc                          - Undefined Weak Reference
    _terminate_user_alloc                     - Undefined Weak Reference
    _terminateio                              - Undefined Weak Reference
    Reset_Handler                            0x0000026d   Thumb Code     0  startup.o(RESET)
    NMI_Handler                              0x00000271   Thumb Code     2  startup.o(RESET)
    HardFault_Handler                        0x00000273   Thumb Code     2  startup.o(RESET)
    MemManage_Handler                        0x00000275   Thumb Code     2  startup.o(RESET)
    BusFault_Handler                         0x00000277   Thumb Code     2  startup.o(RESET)
    UsageFault_Handler                       0x00000279   Thumb Code     2  startup.o(RESET)
    SVC_Handler                              0x0000027b   Thumb Code     2  startup.o(RESET)
    DebugMon_Handler                         0x0000027d   Thumb Code     2  startup.o(RESET)
    PendSV_Handler                           0x0000027f   Thumb Code     2  startup.o(RESET)
    ADC0Seq0_Handler                         0x00000283   Thumb Code     0  startup.o(RESET)
    ADC0Seq1_Handler                         0x00000283   Thumb Code     0  startup.o(RESET)
    ADC0Seq2_Handler                         0x00000283   Thumb Code     0  startup.o(RESET)
    ADC0Seq3_Handler                         0x00000283   Thumb Code     0  startup.o(RESET)
    ADC1Seq0_Handler                         0x00000283   Thumb Code     0  startup.o(RESET)
    ADC1Seq1_Handler                         0x00000283   Thumb Code     0  startup.o(RESET)
    ADC1Seq2_Handler                         0x00000283   Thumb Code     0  startup.o(RESET)
    ADC1Seq3_Handler                         0x00000283   Thumb Code     0  startup.o(RESET)
    CAN0_Handler                             0x00000283   Thumb Code     0  startup.o(RESET)
    CAN1_Handler                             0x00000283   Thumb Code     0  startup.o(RESET)
    CAN2_Handler                             0x00000283   Thumb Code     0  startup.o(RESET)
    Comp0_Handler                            0x00000283   Thumb Code     0  startup.o(RESET)
    Comp1_Handler                            0x00000283   Thumb Code     0  startup.o(RESET)
    Comp2_Handler                            0x00000283   Thumb Code     0  startup.o(RESET)
    Ethernet_Handler                         0x00000283   Thumb Code     0  startup.o(RESET)
    ExtBus_Handler                           0x00000283   Thumb Code     0  startup.o(RESET)
    FPU_Handler                              0x00000283   Thumb Code     0  startup.o(RESET)
    Fan0_Handler                             0x00000283   Thumb Code     0  startup.o(RESET)
    FlashCtl_Handler                         0x00000283   Thumb Code     0  startup.o(RESET)
    GPIOPortA_Handler                        0x00000283   Thumb Code     0  startup.o(RESET)
    GPIOPortB_Handler                        0x00000283   Thumb Code     0  startup.o(RESET)
    GPIOPortC_Handler                        0x00000283   Thumb Code     0  startup.o(RESET)
    GPIOPortD_Handler                        0x00000283   Thumb Code     0  startup.o(RESET)
    GPIOPortE_Handler                        0x00000283   Thumb Code     0  startup.o(RESET)
    GPIOPortF_Handler                        0x00000283   Thumb Code     0  startup.o(RESET)
    GPIOPortG_Handler                        0x00000283   Thumb Code     0  startup.o(RESET)
    GPIOPortH_Handler                        0x00000283   Thumb Code     0  startup.o(RESET)
    GPIOPortJ_Handler                        0x00000283   Thumb Code     0  startup.o(RESET)
    GPIOPortK_Handler                        0x00000283   Thumb Code     0  startup.o(RESET)
    GPIOPortL_Handler                        0x00000283   Thumb Code     0  startup.o(RESET)
    GPIOPortM_Handler                        0x00000283   Thumb Code     0  startup.o(RESET)
    GPIOPortN_Handler                        0x00000283   Thumb Code     0  startup.o(RESET)
    GPIOPortP1_Handler                       0x00000283   Thumb Code     0  startup.o(RESET)
    GPIOPortP2_Handler                       0x00000283   Thumb Code     0  startup.o(RESET)
    GPIOPortP3_Handler                       0x00000283   Thumb Code     0  startup.o(RESET)
    GPIOPortP4_Handler                       0x00000283   Thumb Code     0  startup.o(RESET)
    GPIOPortP5_Handler                       0x00000283   Thumb Code     0  startup.o(RESET)
    GPIOPortP6_Handler                       0x00000283   Thumb Code     0  startup.o(RESET)
    GPIOPortP7_Handler                       0x00000283   Thumb Code     0  startup.o(RESET)
    GPIOPortP_Handler                        0x00000283   Thumb Code     0  startup.o(RESET)
    GPIOPortQ1_Handler                       0x00000283   Thumb Code     0  startup.o(RESET)
    GPIOPortQ2_Handler                       0x00000283   Thumb Code     0  startup.o(RESET)
    GPIOPortQ3_Handler                       0x00000283   Thumb Code     0  startup.o(RESET)
    GPIOPortQ4_Handler                       0x00000283   Thumb Code     0  startup.o(RESET)
    GPIOPortQ5_Handler                       0x00000283   Thumb Code     0  startup.o(RESET)
    GPIOPortQ6_Handler                       0x00000283   Thumb Code     0  startup.o(RESET)
    GPIOPortQ7_Handler                       0x00000283   Thumb Code     0  startup.o(RESET)
    GPIOPortQ_Handler                        0x00000283   Thumb Code     0  startup.o(RESET)
    GPIOPortR_Handler                        0x00000283   Thumb Code     0  startup.o(RESET)
    GPIOPortS_Handler                        0x00000283   Thumb Code     0  startup.o(RESET)
    Hibernate_Handler                        0x00000283   Thumb Code     0  startup.o(RESET)
    I2C0_Handler                             0x00000283   Thumb Code     0  startup.o(RESET)
    I2C1_Handler                             0x00000283   Thumb Code     0  startup.o(RESET)
    I2C2_Handler                             0x00000283   Thumb Code     0  startup.o(RESET)
    I2C3_Handler                             0x00000283   Thumb Code     0  startup.o(RESET)
    I2C4_Handler                             0x00000283   Thumb Code     0  startup.o(RESET)
    I2C5_Handler                             0x00000283   Thumb Code     0  startup.o(RESET)
    I2S0_Handler                             0x00000283   Thumb Code     0  startup.o(RESET)
    LPC0_Handler                             0x00000283   Thumb Code     0  startup.o(RESET)
    PECI0_Handler                            0x00000283   Thumb Code     0  startup.o(RESET)
    PWM0Fault_Handler                        0x00000283   Thumb Code     0  startup.o(RESET)
    PWM0Generator0_Handler                   0x00000283   Thumb Code     0  startup.o(RESET)
    PWM0Generator1_Handler                   0x00000283   Thumb Code     0  startup.o(RESET)
    PWM0Generator2_Handler                   0x00000283   Thumb Code     0  startup.o(RESET)
    PWM0Generator3_Handler                   0x00000283   Thumb Code     0  startup.o(RESET)
    PWM1Fault_Handler                        0x00000283   Thumb Code     0  startup.o(RESET)
    PWM1Generator0_Handler                   0x00000283   Thumb Code     0  startup.o(RESET)
    PWM1Generator1_Handler                   0x00000283   Thumb Code     0  startup.o(RESET)
    PWM1Generator2_Handler                   0x00000283   Thumb Code     0  startup.o(RESET)
    PWM1Generator3_Handler                   0x00000283   Thumb Code     0  startup.o(RESET)
    Quadrature0_Handler                      0x00000283   Thumb Code     0  startup.o(RESET)
    Quadrature1_Handler                      0x00000283   Thumb Code     0  startup.o(RESET)
    Quadrature2_Handler                      0x00000283   Thumb Code     0  startup.o(RESET)
    SSI0_Handler                             0x00000283   Thumb Code     0  startup.o(RESET)
    SSI1_Handler                             0x00000283   Thumb Code     0  startup.o(RESET)
    SSI2_Handler                             0x00000283   Thumb Code     0  startup.o(RESET)
    SSI3_Handler                             0x00000283   Thumb Code     0  startup.o(RESET)
    SysCtl_Handler                           0x00000283   Thumb Code     0  startup.o(RESET)
    Timer0A_Handler                          0x00000283   Thumb Code     0  startup.o(RESET)
    Timer0B_Handler                          0x00000283   Thumb Code     0  startup.o(RESET)
    Timer1A_Handler                          0x00000283   Thumb Code     0  startup.o(RESET)
    Timer1B_Handler                          0x00000283   Thumb Code     0  startup.o(RESET)
    Timer2B_Handler                          0x00000283   Thumb Code     0  startup.o(RESET)
    Timer3A_Handler                          0x00000283   Thumb Code     0  startup.o(RESET)
    Timer3B_Handler                          0x00000283   Thumb Code     0  startup.o(RESET)
    Timer4B_Handler                          0x00000283   Thumb Code     0  startup.o(RESET)
    Timer5B_Handler                          0x00000283   Thumb Code     0  startup.o(RESET)
    UART0_Handler                            0x00000283   Thumb Code     0  startup.o(RESET)
    UART1_Handler                            0x00000283   Thumb Code     0  startup.o(RESET)
    UART2_Handler                            0x00000283   Thumb Code     0  startup.o(RESET)
    UART3_Handler                            0x00000283   Thumb Code     0  startup.o(RESET)
    UART4_Handler                            0x00000283   Thumb Code     0  startup.o(RESET)
    UART5_Handler                            0x00000283   Thumb Code     0  startup.o(RESET)
    UART6_Handler                            0x00000283   Thumb Code     0  startup.o(RESET)
    UART7_Handler                            0x00000283   Thumb Code     0  startup.o(RESET)
    USB0_Handler                             0x00000283   Thumb Code     0  startup.o(RESET)
    WDT_Handler                              0x00000283   Thumb Code     0  startup.o(RESET)
    WideTimer0A_Handler                      0x00000283   Thumb Code     0  startup.o(RESET)
    WideTimer0B_Handler                      0x00000283   Thumb Code     0  startup.o(RESET)
    WideTimer1A_Handler                      0x00000283   Thumb Code     0  startup.o(RESET)
    WideTimer1B_Handler                      0x00000283   Thumb Code     0  startup.o(RESET)
    WideTimer2A_Handler                      0x00000283   Thumb Code     0  startup.o(RESET)
    WideTimer2B_Handler                      0x00000283   Thumb Code     0  startup.o(RESET)
    WideTimer3A_Handler                      0x00000283   Thumb Code     0  startup.o(RESET)
    WideTimer3B_Handler                      0x00000283   Thumb Code     0  startup.o(RESET)
    WideTimer4A_Handler                      0x00000283   Thumb Code     0  startup.o(RESET)
    WideTimer4B_Handler                      0x00000283   Thumb Code     0  startup.o(RESET)
    WideTimer5A_Handler                      0x00000283   Thumb Code     0  startup.o(RESET)
    WideTimer5B_Handler                      0x00000283   Thumb Code     0  startup.o(RESET)
    uDMA_Error                               0x00000283   Thumb Code     0  startup.o(RESET)
    uDMA_Handler                             0x00000283   Thumb Code     0  startup.o(RESET)
    __main                                   0x00000285   Thumb Code     8  __main.o(!!!main)
    __scatterload                            0x0000028d   Thumb Code     0  __scatter.o(!!!scatter)
    __scatterload_rt2                        0x0000028d   Thumb Code    44  __scatter.o(!!!scatter)
    __scatterload_rt2_thumb_only             0x0000028d   Thumb Code     0  __scatter.o(!!!scatter)
    __scatterload_null                       0x0000029b   Thumb Code     0  __scatter.o(!!!scatter)
    __scatterload_copy                       0x000002c1   Thumb Code    26  __scatter_copy.o(!!handler_copy)
    __scatterload_zeroinit                   0x000002dd   Thumb Code    28  __scatter_zi.o(!!handler_zi)
    __rt_lib_init                            0x000002f9   Thumb Code     0  libinit.o(.ARM.Collect$$libinit$$00000000)
    __rt_lib_init_alloca_1                   0x000002fb   Thumb Code     0  libinit2.o(.ARM.Collect$$libinit$$0000002C)
    __rt_lib_init_argv_1                     0x000002fb   Thumb Code     0  libinit2.o(.ARM.Collect$$libinit$$0000002A)
    __rt_lib_init_atexit_1                   0x000002fb   Thumb Code     0  libinit2.o(.ARM.Collect$$libinit$$00000019)
    __rt_lib_init_clock_1                    0x000002fb   Thumb Code     0  libinit2.o(.ARM.Collect$$libinit$$0000001F)
    __rt_lib_init_cpp_1                      0x000002fb   Thumb Code     0  libinit2.o(.ARM.Collect$$libinit$$00000030)
    __rt_lib_init_exceptions_1               0x000002fb   Thumb Code     0  libinit2.o(.ARM.Collect$$libinit$$0000002E)
    __rt_lib_init_fp_1                       0x000002fb   Thumb Code     0  libinit2.o(.ARM.Collect$$libinit$$00000002)
    __rt_lib_init_fp_trap_1                  0x000002fb   Thumb Code     0  libinit2.o(.ARM.Collect$$libinit$$0000001D)
    __rt_lib_init_getenv_1                   0x000002fb   Thumb Code     0  libinit2.o(.ARM.Collect$$libinit$$00000021)
    __rt_lib_init_heap_1                     0x000002fb   Thumb Code     0  libinit2.o(.ARM.Collect$$libinit$$00000008)
    __rt_lib_init_lc_collate_1               0x000002fb   Thumb Code     0  libinit2.o(.ARM.Collect$$libinit$$0000000F)
    __rt_lib_init_lc_ctype_1                 0x000002fb   Thumb Code     0  libinit2.o(.ARM.Collect$$libinit$$00000011)
    __rt_lib_init_lc_monetary_1              0x000002fb   Thumb Code     0  libinit2.o(.ARM.Collect$$libinit$$00000013)
    __rt_lib_init_lc_numeric_1               0x000002fb   Thumb Code     0  libinit2.o(.ARM.Collect$$libinit$$00000015)
    __rt_lib_init_lc_time_1                  0x000002fb   Thumb Code     0  libinit2.o(.ARM.Collect$$libinit$$00000017)
    __rt_lib_init_rand_1                     0x000002fb   Thumb Code     0  libinit2.o(.ARM.Collect$$libinit$$0000000C)
    __rt_lib_init_return                     0x000002fb   Thumb Code     0  libinit2.o(.ARM.Collect$$libinit$$00000031)
    __rt_lib_init_signal_1                   0x000002fb   Thumb Code     0  libinit2.o(.ARM.Collect$$libinit$$0000001B)
    __rt_lib_init_stdio_1                    0x000002fb   Thumb Code     0  libinit2.o(.ARM.Collect$$libinit$$00000023)
    __rt_lib_init_user_alloc_1               0x000002fb   Thumb Code     0  libinit2.o(.ARM.Collect$$libinit$$0000000A)
    __rt_lib_shutdown                        0x000002fd   Thumb Code     0  libshutdown.o(.ARM.Collect$$libshutdown$$00000000)
    __rt_lib_shutdown_fp_trap_1              0x000002ff   Thumb Code     0  libshutdown2.o(.ARM.Collect$$libshutdown$$00000006)
    __rt_lib_shutdown_heap_1                 0x000002ff   Thumb Code     0  libshutdown2.o(.ARM.Collect$$libshutdown$$0000000E)
    __rt_lib_shutdown_return                 0x000002ff   Thumb Code     0  libshutdown2.o(.ARM.Collect$$libshutdown$$0000000F)
    __rt_lib_shutdown_signal_1               0x000002ff   Thumb Code     0  libshutdown2.o(.ARM.Collect$$libshutdown$$00000009)
    __rt_lib_shutdown_stdio_1                0x000002ff   Thumb Code     0  libshutdown2.o(.ARM.Collect$$libshutdown$$00000003)
    __rt_lib_shutdown_user_alloc_1           0x000002ff   Thumb Code     0  libshutdown2.o(.ARM.Collect$$libshutdown$$0000000B)
    __rt_entry                               0x00000301   Thumb Code     0  rtentry.o(.ARM.Collect$$rtentry$$00000000)
    __rt_entry_presh_1                       0x00000301   Thumb Code     0  rtentry2.o(.ARM.Collect$$rtentry$$00000002)
    __rt_entry_sh                            0x00000301   Thumb Code     0  rtentry4.o(.ARM.Collect$$rtentry$$00000004)
    __rt_entry_li                            0x00000307   Thumb Code     0  rtentry2.o(.ARM.Collect$$rtentry$$0000000A)
    __rt_entry_postsh_1                      0x00000307   Thumb Code     0  rtentry2.o(.ARM.Collect$$rtentry$$00000009)
    __rt_entry_main                          0x0000030b   Thumb Code     0  rtentry2.o(.ARM.Collect$$rtentry$$0000000D)
    __rt_entry_postli_1                      0x0000030b   Thumb Code     0  rtentry2.o(.ARM.Collect$$rtentry$$0000000C)
    __rt_exit                                0x00000313   Thumb Code     0  rtexit.o(.ARM.Collect$$rtexit$$00000000)
    __rt_exit_ls                             0x00000315   Thumb Code     0  rtexit2.o(.ARM.Collect$$rtexit$$00000003)
    __rt_exit_prels_1                        0x00000315   Thumb Code     0  rtexit2.o(.ARM.Collect$$rtexit$$00000002)
    __rt_exit_exit                           0x00000319   Thumb Code     0  rtexit2.o(.ARM.Collect$$rtexit$$00000004)
    DisableInterrupts                        0x00000321   Thumb Code     0  startup.o(.text)
    EnableInterrupts                         0x00000325   Thumb Code     0  startup.o(.text)
    StartCritical                            0x00000329   Thumb Code     0  startup.o(.text)
    EndCritical                              0x00000331   Thumb Code     0  startup.o(.text)
    WaitForInterrupt                         0x00000337   Thumb Code     0  startup.o(.text)
    __user_initial_stackheap                 0x0000033b   Thumb Code     0  startup.o(.text)
    Random_Init                              0x00000351   Thumb Code     0  random.o(.text)
    Random32                                 0x0000035b   Thumb Code     2  random.o(.text)
    Random                                   0x0000036d   Thumb Code     2  random.o(.text)
    __aeabi_memcpy4                          0x00000391   Thumb Code     0  rt_memcpy_w.o(.text)
    __aeabi_memcpy8                          0x00000391   Thumb Code     0  rt_memcpy_w.o(.text)
    __rt_memcpy_w                            0x00000391   Thumb Code   100  rt_memcpy_w.o(.text)
    _memcpy_lastbytes_aligned                0x000003d9   Thumb Code     0  rt_memcpy_w.o(.text)
    __use_two_region_memory                  0x000003f5   Thumb Code     2  heapauxi.o(.text)
    __rt_heap_escrow$2region                 0x000003f7   Thumb Code     2  heapauxi.o(.text)
    __rt_heap_expand$2region                 0x000003f9   Thumb Code     2  heapauxi.o(.text)
    __user_setup_stackheap                   0x000003fb   Thumb Code    74  sys_stackheap_outer.o(.text)
    exit                                     0x00000445   Thumb Code    12  exit.o(.text)
    __user_libspace                          0x00000451   Thumb Code     8  libspace.o(.text)
    __user_perproc_libspace                  0x00000451   Thumb Code     0  libspace.o(.text)
    __user_perthread_libspace                0x00000451   Thumb Code     0  libspace.o(.text)
    _sys_exit                                0x00000459   Thumb Code     8  sys_exit.o(.text)
    __I$use$semihosting                      0x00000465   Thumb Code     0  use_no_semi.o(.text)
    __use_no_semihosting_swi                 0x00000465   Thumb Code     2  use_no_semi.o(.text)
    __semihosting_library_function           0x00000467   Thumb Code     0  indicate_semi.o(.text)
    ADC0_In                                  0x00000469   Thumb Code    36  spaceinvaders.o(i.ADC0_In)
    ADC1_In                                  0x00000495   Thumb Code     6  texas.o(i.ADC1_In)
    ADC1_Init                                0x000004a1   Thumb Code   174  texas.o(i.ADC1_Init)
    Convert                                  0x00000575   Thumb Code    36  spaceinvaders.o(i.Convert)
    DAC_Out                                  0x0000059d   Thumb Code    16  spaceinvaders.o(i.DAC_Out)
    Delay100ms                               0x000005b5   Thumb Code    30  spaceinvaders.o(i.Delay100ms)
    Fire_Button_Pressed                      0x000005d9   Thumb Code    10  spaceinvaders.o(i.Fire_Button_Pressed)
    GameEngineOperations                     0x000005e9   Thumb Code  1336  spaceinvaders.o(i.GameEngineOperations)
    GameOver                                 0x00000b39   Thumb Code    86  spaceinvaders.o(i.GameOver)
    InitSprites                              0x00000bad   Thumb Code   204  spaceinvaders.o(i.InitSprites)
    Nokia5110_Clear                          0x00000ca1   Thumb Code    32  nokia5110.o(i.Nokia5110_Clear)
    Nokia5110_ClearBuffer                    0x00000cc1   Thumb Code    20  nokia5110.o(i.Nokia5110_ClearBuffer)
    Nokia5110_DisplayBuffer                  0x00000cd9   Thumb Code    10  nokia5110.o(i.Nokia5110_DisplayBuffer)
    Nokia5110_DrawFullImage                  0x00000ce9   Thumb Code    34  nokia5110.o(i.Nokia5110_DrawFullImage)
    Nokia5110_Init                           0x00000d0d   Thumb Code   316  nokia5110.o(i.Nokia5110_Init)
    Nokia5110_OutChar                        0x00000e79   Thumb Code    52  nokia5110.o(i.Nokia5110_OutChar)
    Nokia5110_OutString                      0x00000eb1   Thumb Code    22  nokia5110.o(i.Nokia5110_OutString)
    Nokia5110_OutUDec                        0x00000ec9   Thumb Code   394  nokia5110.o(i.Nokia5110_OutUDec)
    Nokia5110_PrintBMP                       0x00001065   Thumb Code   420  nokia5110.o(i.Nokia5110_PrintBMP)
    Nokia5110_SetCursor                      0x0000120d   Thumb Code    48  nokia5110.o(i.Nokia5110_SetCursor)
    PLL_Init                                 0x0000123d   Thumb Code   118  texas.o(i.PLL_Init)
    Ports_Init                               0x000012b9   Thumb Code   370  spaceinvaders.o(i.Ports_Init)
    Print_Statistics                         0x0000146d   Thumb Code   236  spaceinvaders.o(i.Print_Statistics)
    Random_Drawable_X_Pos                    0x00001595   Thumb Code    24  spaceinvaders.o(i.Random_Drawable_X_Pos)
    Random_Drawable_Y_Pos                    0x000015ad   Thumb Code    32  spaceinvaders.o(i.Random_Drawable_Y_Pos)
    RenderingOperations                      0x000015cd   Thumb Code   552  spaceinvaders.o(i.RenderingOperations)
    RestartGame                              0x00001831   Thumb Code   256  spaceinvaders.o(i.RestartGame)
    SetCode                                  0x0000194d   Thumb Code    20  texas.o(i.SetCode)
    SetCourse                                0x00001965   Thumb Code    20  texas.o(i.SetCourse)
    Sound_Play                               0x0000197d   Thumb Code    26  spaceinvaders.o(i.Sound_Play)
    Special_Button_Pressed                   0x000019a5   Thumb Code    10  spaceinvaders.o(i.Special_Button_Pressed)
    SysTick_Handler                          0x000019b5   Thumb Code    72  spaceinvaders.o(i.SysTick_Handler)
    SysTick_Init                             0x00001a0d   Thumb Code    42  spaceinvaders.o(i.SysTick_Init)
    TExaS_Init                               0x00001a41   Thumb Code   324  texas.o(i.TExaS_Init)
    Timer2A_Handler                          0x00001c05   Thumb Code    56  spaceinvaders.o(i.Timer2A_Handler)
    Timer2A_Start                            0x00001c4d   Thumb Code    14  spaceinvaders.o(i.Timer2A_Start)
    Timer2A_Stop                             0x00001c61   Thumb Code    14  spaceinvaders.o(i.Timer2A_Stop)
    Timer2_Init                              0x00001c75   Thumb Code    76  spaceinvaders.o(i.Timer2_Init)
    Timer4A_Handler                          0x00001cd1   Thumb Code    20  texas.o(i.Timer4A_Handler)
    Timer5A_Handler                          0x00001cf1   Thumb Code    34  texas.o(i.Timer5A_Handler)
    TurnOffSpecialLED                        0x00001d21   Thumb Code    16  spaceinvaders.o(i.TurnOffSpecialLED)
    UART0_Init                               0x00001d39   Thumb Code   160  texas.o(i.UART0_Init)
    checkTouching                            0x00001df9   Thumb Code   164  spaceinvaders.o(i.checkTouching)
    checkTouchingMissileVsSprite             0x00001e9d   Thumb Code    56  spaceinvaders.o(i.checkTouchingMissileVsSprite)
    checkTouchingSpriteVsSprite              0x00001ed5   Thumb Code    56  spaceinvaders.o(i.checkTouchingSpriteVsSprite)
    isEnemyOnScreen                          0x00001f0d   Thumb Code    40  spaceinvaders.o(i.isEnemyOnScreen)
    isGameOver                               0x00001f39   Thumb Code    50  spaceinvaders.o(i.isGameOver)
    main                                     0x00001fc1   Thumb Code   146  spaceinvaders.o(i.main)
    reviveEnemyIfPossible                    0x00002065   Thumb Code   126  spaceinvaders.o(i.reviveEnemyIfPossible)
    setRandomEnemyCoords                     0x000020e9   Thumb Code   162  spaceinvaders.o(i.setRandomEnemyCoords)
    willEnemyBumpOtherStuff                  0x00002191   Thumb Code   240  spaceinvaders.o(i.willEnemyBumpOtherStuff)
    BigExplosion0                            0x00002644   Data         215  spaceinvaders.o(.constdata)
    BigExplosion1                            0x0000271b   Data         215  spaceinvaders.o(.constdata)
    SmallExplosion0                          0x000027f2   Data         199  spaceinvaders.o(.constdata)
    SmallExplosion1                          0x000028b9   Data         199  spaceinvaders.o(.constdata)
    _my_PlayerShip2_00                       0x00002980   Data         207  spaceinvaders.o(.constdata)
    _my_PlayerShip2_01                       0x00002a4f   Data         207  spaceinvaders.o(.constdata)
    _my_Countdown_GO                         0x00002b1e   Data         695  spaceinvaders.o(.constdata)
    _my_Countdown_01                         0x00002dd5   Data         695  spaceinvaders.o(.constdata)
    _my_Countdown_02                         0x0000308c   Data         695  spaceinvaders.o(.constdata)
    _my_Countdown_03                         0x00003343   Data         695  spaceinvaders.o(.constdata)
    _my_Thin_Missile_01                      0x000035fa   Data         127  spaceinvaders.o(.constdata)
    _myField_Height                          0x00003679   Data           1  spaceinvaders.o(.constdata)
    _myField_Width                           0x0000367a   Data           1  spaceinvaders.o(.constdata)
    _my_Field_01                             0x0000367b   Data         151  spaceinvaders.o(.constdata)
    _my_Field_02                             0x00003712   Data         151  spaceinvaders.o(.constdata)
    _my_Field_03                             0x000037a9   Data         151  spaceinvaders.o(.constdata)
    _my_Field_04                             0x00003840   Data         151  spaceinvaders.o(.constdata)
    _my_Field_05                             0x000038d7   Data         151  spaceinvaders.o(.constdata)
    _my_Field_06                             0x0000396e   Data         151  spaceinvaders.o(.constdata)
    _my_Field_07                             0x00003a05   Data         151  spaceinvaders.o(.constdata)
    _my_Field_08                             0x00003a9c   Data         151  spaceinvaders.o(.constdata)
    _my_Field_09                             0x00003b33   Data         151  spaceinvaders.o(.constdata)
    _my_Field_10                             0x00003bca   Data         151  spaceinvaders.o(.constdata)
    _my_Field_11                             0x00003c61   Data         151  spaceinvaders.o(.constdata)
    _my_Field_12                             0x00003cf8   Data         151  spaceinvaders.o(.constdata)
    _my_above_line                           0x00003d8f   Data         163  spaceinvaders.o(.constdata)
    _my_heart                                0x00003e32   Data         147  spaceinvaders.o(.constdata)
    _my_coin_00                              0x00003ec5   Data         143  spaceinvaders.o(.constdata)
    _my_coin_01                              0x00003f54   Data         143  spaceinvaders.o(.constdata)
    _my_won                                  0x00003fe3   Data        1271  spaceinvaders.o(.constdata)
    _my_lost                                 0x000044da   Data        1271  spaceinvaders.o(.constdata)
    _my_Enemy01_01                           0x000049d1   Data         183  spaceinvaders.o(.constdata)
    _my_Enemy01_02                           0x00004a88   Data         183  spaceinvaders.o(.constdata)
    shoot_Count                              0x00004b40   Data           4  spaceinvaders.o(.constdata)
    shoot                                    0x00004b44   Data        4080  spaceinvaders.o(.constdata)
    invaderkilled_Count                      0x00005b34   Data           4  spaceinvaders.o(.constdata)
    invaderkilled                            0x00005b38   Data        3377  spaceinvaders.o(.constdata)
    fastinvader3_Count                       0x0000686c   Data           4  spaceinvaders.o(.constdata)
    fastinvader3                             0x00006870   Data        1054  spaceinvaders.o(.constdata)
    HeaderSeparatorYPos                      0x00006c8e   Data           1  spaceinvaders.o(.constdata)
    GameMinY                                 0x00006c8f   Data           1  spaceinvaders.o(.constdata)
    GameMaxY                                 0x00006c90   Data           1  spaceinvaders.o(.constdata)
    SystickPriority                          0x00006c91   Data           1  spaceinvaders.o(.constdata)
    TimerBPriority                           0x00006c92   Data           1  spaceinvaders.o(.constdata)
    MaxShipsLife                             0x00006c93   Data           1  spaceinvaders.o(.constdata)
    MaxEnemyLife                             0x00006c94   Data           1  spaceinvaders.o(.constdata)
    MaxTokens                                0x00006c95   Data           1  spaceinvaders.o(.constdata)
    NumberOfEnemies                          0x00006c98   Data           4  spaceinvaders.o(.constdata)
    minDistanceBetweenEnemies                0x00006c9c   Data           4  spaceinvaders.o(.constdata)
    killedForLifeIncrease                    0x00006ca0   Data           4  spaceinvaders.o(.constdata)
    systickNumForEnemyMoveX                  0x00006ca4   Data           1  spaceinvaders.o(.constdata)
    lastScreenDuration                       0x00006ca5   Data           1  spaceinvaders.o(.constdata)
    SpecialNumOfExpl                         0x00006ca6   Data           1  spaceinvaders.o(.constdata)
    SpecialExplosionsAtOnce                  0x00006ca7   Data           1  spaceinvaders.o(.constdata)
    SpecialExplRefreshRate                   0x00006ca8   Data           1  spaceinvaders.o(.constdata)
    NoInputMsg                               0x00006ca9   Data          40  texas.o(.constdata)
    OutputPortMsg0                           0x00006cd1   Data          40  texas.o(.constdata)
    OutputPortMsg1                           0x00006cf9   Data          40  texas.o(.constdata)
    OutputPortMsg2                           0x00006d21   Data          40  texas.o(.constdata)
    OutputPortMsg3                           0x00006d49   Data          40  texas.o(.constdata)
    BlankMsg                                 0x00006d71   Data          40  texas.o(.constdata)
    InitializedMsg                           0x00006d99   Data          40  texas.o(.constdata)
    IntroMsg                                 0x00006dc1   Data          40  texas.o(.constdata)
    DoneMsg                                  0x00006de9   Data          40  texas.o(.constdata)
    Region$$Table$$Base                      0x00006e14   Number         0  anon$$obj.o(Region$$Table)
    Region$$Table$$Limit                     0x00006e34   Number         0  anon$$obj.o(Region$$Table)
    _my_explosions_ptr                       0x20000000   Data          16  spaceinvaders.o(.data)
    _my_counter_ptr                          0x20000010   Data          16  spaceinvaders.o(.data)
    _my_Field_ptr                            0x20000020   Data          48  spaceinvaders.o(.data)
    SystickCounter                           0x20000050   Data           4  spaceinvaders.o(.data)
    FieldCounter                             0x20000054   Data           1  spaceinvaders.o(.data)
    Index                                    0x20000058   Data           4  spaceinvaders.o(.data)
    SoundCounter                             0x2000005c   Data           4  spaceinvaders.o(.data)
    SpecialWeaponIgnitedTimer                0x20000060   Data           4  spaceinvaders.o(.data)
    temp01                                   0x20000064   Data           4  spaceinvaders.o(.data)
    temp02                                   0x20000068   Data           4  spaceinvaders.o(.data)
    EnemiesKilledCounter                     0x2000006c   Data           4  spaceinvaders.o(.data)
    EnemiesKilledBest                        0x20000070   Data           4  spaceinvaders.o(.data)
    SystickBest                              0x20000074   Data           4  spaceinvaders.o(.data)
    statisticsPrinted                        0x20000078   Data           4  spaceinvaders.o(.data)
    ADCdata                                  0x2000007c   Data           4  spaceinvaders.o(.data)
    Flag                                     0x20000080   Data           4  spaceinvaders.o(.data)
    LastScreenCounter                        0x20000084   Data           1  spaceinvaders.o(.data)
    Wave                                     0x20000088   Data           4  spaceinvaders.o(.data)
    SpecialPositionsX                        0x2000008c   Data           5  spaceinvaders.o(.data)
    SpecialPositionsY                        0x20000091   Data           5  spaceinvaders.o(.data)
    fireButtonReleased                       0x20000096   Data           1  spaceinvaders.o(.data)
    TExaS_Period                             0x20000098   Data           4  texas.o(.data)
    TExaS_Ports                              0x2000009c   Data           8  texas.o(.data)
    Display                                  0x200000a4   Data           1  texas.o(.data)
    TExaS_Meter                              0x200000a8   Data           4  texas.o(.data)
    ADCnum                                   0x200000ac   Data           4  texas.o(.data)
    LastMode                                 0x200000b0   Data           4  texas.o(.data)
    bFlag                                    0x200000b4   Data           4  texas.o(.data)
    Count                                    0x200000b8   Data           4  texas.o(.data)
    DelayBetweenTests                        0x200000bc   Data           4  texas.o(.data)
    TExaS_Test                               0x200000c0   Data           4  texas.o(.data)
    ScopeMode                                0x200000c4   Data           4  texas.o(.data)
    ScopeCount                               0x200000c8   Data           4  texas.o(.data)
    Screen                                   0x200000d0   Data         504  nokia5110.o(.bss)
    Ship                                     0x200002c8   Data          56  spaceinvaders.o(.bss)
    Enemy                                    0x20000300   Data         560  spaceinvaders.o(.bss)
    Token                                    0x20000530   Data          56  spaceinvaders.o(.bss)
    SpecialImagePointers                     0x20000568   Data          20  spaceinvaders.o(.bss)
    TExaS                                    0x20000580   Data          56  texas.o(.bss)
    __libspace_start                         0x200005b8   Data          96  libspace.o(.bss)
    __temporary_stack_top$libspace           0x20000618   Data           0  libspace.o(.bss)



==============================================================================

Memory Map of the image

  Image Entry point : 0x0000026d

  Load Region LR_1 (Base: 0x00000000, Size: 0x00006f04, Max: 0xffffffff, ABSOLUTE)

    Execution Region ER_RO (Base: 0x00000000, Size: 0x00006e34, Max: 0xffffffff, ABSOLUTE)

    Base Addr    Size         Type   Attr      Idx    E Section Name        Object

    0x00000000   0x00000284   Code   RO            3  * RESET               startup.o
    0x00000284   0x00000008   Code   RO          438  * !!!main             c_w.l(__main.o)
    0x0000028c   0x00000034   Code   RO          592    !!!scatter          c_w.l(__scatter.o)
    0x000002c0   0x0000001a   Code   RO          594    !!handler_copy      c_w.l(__scatter_copy.o)
    0x000002da   0x00000002   PAD
    0x000002dc   0x0000001c   Code   RO          596    !!handler_zi        c_w.l(__scatter_zi.o)
    0x000002f8   0x00000002   Code   RO          465    .ARM.Collect$$libinit$$00000000  c_w.l(libinit.o)
    0x000002fa   0x00000000   Code   RO          472    .ARM.Collect$$libinit$$00000002  c_w.l(libinit2.o)
    0x000002fa   0x00000000   Code   RO          475    .ARM.Collect$$libinit$$00000008  c_w.l(libinit2.o)
    0x000002fa   0x00000000   Code   RO          477    .ARM.Collect$$libinit$$0000000A  c_w.l(libinit2.o)
    0x000002fa   0x00000000   Code   RO          479    .ARM.Collect$$libinit$$0000000C  c_w.l(libinit2.o)
    0x000002fa   0x00000000   Code   RO          482    .ARM.Collect$$libinit$$0000000F  c_w.l(libinit2.o)
    0x000002fa   0x00000000   Code   RO          484    .ARM.Collect$$libinit$$00000011  c_w.l(libinit2.o)
    0x000002fa   0x00000000   Code   RO          486    .ARM.Collect$$libinit$$00000013  c_w.l(libinit2.o)
    0x000002fa   0x00000000   Code   RO          488    .ARM.Collect$$libinit$$00000015  c_w.l(libinit2.o)
    0x000002fa   0x00000000   Code   RO          490    .ARM.Collect$$libinit$$00000017  c_w.l(libinit2.o)
    0x000002fa   0x00000000   Code   RO          492    .ARM.Collect$$libinit$$00000019  c_w.l(libinit2.o)
    0x000002fa   0x00000000   Code   RO          494    .ARM.Collect$$libinit$$0000001B  c_w.l(libinit2.o)
    0x000002fa   0x00000000   Code   RO          496    .ARM.Collect$$libinit$$0000001D  c_w.l(libinit2.o)
    0x000002fa   0x00000000   Code   RO          498    .ARM.Collect$$libinit$$0000001F  c_w.l(libinit2.o)
    0x000002fa   0x00000000   Code   RO          500    .ARM.Collect$$libinit$$00000021  c_w.l(libinit2.o)
    0x000002fa   0x00000000   Code   RO          502    .ARM.Collect$$libinit$$00000023  c_w.l(libinit2.o)
    0x000002fa   0x00000000   Code   RO          506    .ARM.Collect$$libinit$$0000002A  c_w.l(libinit2.o)
    0x000002fa   0x00000000   Code   RO          508    .ARM.Collect$$libinit$$0000002C  c_w.l(libinit2.o)
    0x000002fa   0x00000000   Code   RO          510    .ARM.Collect$$libinit$$0000002E  c_w.l(libinit2.o)
    0x000002fa   0x00000000   Code   RO          512    .ARM.Collect$$libinit$$00000030  c_w.l(libinit2.o)
    0x000002fa   0x00000002   Code   RO          513    .ARM.Collect$$libinit$$00000031  c_w.l(libinit2.o)
    0x000002fc   0x00000002   Code   RO          533    .ARM.Collect$$libshutdown$$00000000  c_w.l(libshutdown.o)
    0x000002fe   0x00000000   Code   RO          547    .ARM.Collect$$libshutdown$$00000003  c_w.l(libshutdown2.o)
    0x000002fe   0x00000000   Code   RO          550    .ARM.Collect$$libshutdown$$00000006  c_w.l(libshutdown2.o)
    0x000002fe   0x00000000   Code   RO          553    .ARM.Collect$$libshutdown$$00000009  c_w.l(libshutdown2.o)
    0x000002fe   0x00000000   Code   RO          555    .ARM.Collect$$libshutdown$$0000000B  c_w.l(libshutdown2.o)
    0x000002fe   0x00000000   Code   RO          558    .ARM.Collect$$libshutdown$$0000000E  c_w.l(libshutdown2.o)
    0x000002fe   0x00000002   Code   RO          559    .ARM.Collect$$libshutdown$$0000000F  c_w.l(libshutdown2.o)
    0x00000300   0x00000000   Code   RO          440    .ARM.Collect$$rtentry$$00000000  c_w.l(rtentry.o)
    0x00000300   0x00000000   Code   RO          442    .ARM.Collect$$rtentry$$00000002  c_w.l(rtentry2.o)
    0x00000300   0x00000006   Code   RO          454    .ARM.Collect$$rtentry$$00000004  c_w.l(rtentry4.o)
    0x00000306   0x00000000   Code   RO          444    .ARM.Collect$$rtentry$$00000009  c_w.l(rtentry2.o)
    0x00000306   0x00000004   Code   RO          445    .ARM.Collect$$rtentry$$0000000A  c_w.l(rtentry2.o)
    0x0000030a   0x00000000   Code   RO          447    .ARM.Collect$$rtentry$$0000000C  c_w.l(rtentry2.o)
    0x0000030a   0x00000008   Code   RO          448    .ARM.Collect$$rtentry$$0000000D  c_w.l(rtentry2.o)
    0x00000312   0x00000002   Code   RO          469    .ARM.Collect$$rtexit$$00000000  c_w.l(rtexit.o)
    0x00000314   0x00000000   Code   RO          515    .ARM.Collect$$rtexit$$00000002  c_w.l(rtexit2.o)
    0x00000314   0x00000004   Code   RO          516    .ARM.Collect$$rtexit$$00000003  c_w.l(rtexit2.o)
    0x00000318   0x00000006   Code   RO          517    .ARM.Collect$$rtexit$$00000004  c_w.l(rtexit2.o)
    0x0000031e   0x00000002   PAD
    0x00000320   0x00000030   Code   RO            4    .text               startup.o
    0x00000350   0x00000040   Code   RO           92    .text               random.o
    0x00000390   0x00000064   Code   RO          434    .text               c_w.l(rt_memcpy_w.o)
    0x000003f4   0x00000006   Code   RO          436    .text               c_w.l(heapauxi.o)
    0x000003fa   0x0000004a   Code   RO          456    .text               c_w.l(sys_stackheap_outer.o)
    0x00000444   0x0000000c   Code   RO          458    .text               c_w.l(exit.o)
    0x00000450   0x00000008   Code   RO          466    .text               c_w.l(libspace.o)
    0x00000458   0x0000000c   Code   RO          525    .text               c_w.l(sys_exit.o)
    0x00000464   0x00000002   Code   RO          536    .text               c_w.l(use_no_semi.o)
    0x00000466   0x00000000   Code   RO          538    .text               c_w.l(indicate_semi.o)
    0x00000466   0x00000002   PAD
    0x00000468   0x0000002c   Code   RO           95    i.ADC0_In           spaceinvaders.o
    0x00000494   0x0000000c   Code   RO          313    i.ADC1_In           texas.o
    0x000004a0   0x000000d4   Code   RO          314    i.ADC1_Init         texas.o
    0x00000574   0x00000028   Code   RO           96    i.Convert           spaceinvaders.o
    0x0000059c   0x00000018   Code   RO           97    i.DAC_Out           spaceinvaders.o
    0x000005b4   0x00000024   Code   RO           98    i.Delay100ms        spaceinvaders.o
    0x000005d8   0x00000010   Code   RO           99    i.Fire_Button_Pressed  spaceinvaders.o
    0x000005e8   0x00000550   Code   RO          100    i.GameEngineOperations  spaceinvaders.o
    0x00000b38   0x00000074   Code   RO          101    i.GameOver          spaceinvaders.o
    0x00000bac   0x000000f4   Code   RO          102    i.InitSprites       spaceinvaders.o
    0x00000ca0   0x00000020   Code   RO           12    i.Nokia5110_Clear   nokia5110.o
    0x00000cc0   0x00000018   Code   RO           13    i.Nokia5110_ClearBuffer  nokia5110.o
    0x00000cd8   0x00000010   Code   RO           14    i.Nokia5110_DisplayBuffer  nokia5110.o
    0x00000ce8   0x00000022   Code   RO           15    i.Nokia5110_DrawFullImage  nokia5110.o
    0x00000d0a   0x00000002   PAD
    0x00000d0c   0x0000016c   Code   RO           16    i.Nokia5110_Init    nokia5110.o
    0x00000e78   0x00000038   Code   RO           17    i.Nokia5110_OutChar  nokia5110.o
    0x00000eb0   0x00000016   Code   RO           18    i.Nokia5110_OutString  nokia5110.o
    0x00000ec6   0x00000002   PAD
    0x00000ec8   0x0000019c   Code   RO           19    i.Nokia5110_OutUDec  nokia5110.o
    0x00001064   0x000001a8   Code   RO           20    i.Nokia5110_PrintBMP  nokia5110.o
    0x0000120c   0x00000030   Code   RO           21    i.Nokia5110_SetCursor  nokia5110.o
    0x0000123c   0x0000007c   Code   RO          315    i.PLL_Init          texas.o
    0x000012b8   0x000001b4   Code   RO          103    i.Ports_Init        spaceinvaders.o
    0x0000146c   0x00000128   Code   RO          104    i.Print_Statistics  spaceinvaders.o
    0x00001594   0x00000018   Code   RO          105    i.Random_Drawable_X_Pos  spaceinvaders.o
    0x000015ac   0x00000020   Code   RO          106    i.Random_Drawable_Y_Pos  spaceinvaders.o
    0x000015cc   0x00000264   Code   RO          107    i.RenderingOperations  spaceinvaders.o
    0x00001830   0x0000011c   Code   RO          108    i.RestartGame       spaceinvaders.o
    0x0000194c   0x00000018   Code   RO          316    i.SetCode           texas.o
    0x00001964   0x00000018   Code   RO          317    i.SetCourse         texas.o
    0x0000197c   0x00000028   Code   RO          109    i.Sound_Play        spaceinvaders.o
    0x000019a4   0x00000010   Code   RO          110    i.Special_Button_Pressed  spaceinvaders.o
    0x000019b4   0x00000058   Code   RO          111    i.SysTick_Handler   spaceinvaders.o
    0x00001a0c   0x00000034   Code   RO          112    i.SysTick_Init      spaceinvaders.o
    0x00001a40   0x000001c4   Code   RO          321    i.TExaS_Init        texas.o
    0x00001c04   0x00000048   Code   RO          113    i.Timer2A_Handler   spaceinvaders.o
    0x00001c4c   0x00000014   Code   RO          114    i.Timer2A_Start     spaceinvaders.o
    0x00001c60   0x00000014   Code   RO          115    i.Timer2A_Stop      spaceinvaders.o
    0x00001c74   0x0000005c   Code   RO          116    i.Timer2_Init       spaceinvaders.o
    0x00001cd0   0x00000020   Code   RO          323    i.Timer4A_Handler   texas.o
    0x00001cf0   0x00000030   Code   RO          324    i.Timer5A_Handler   texas.o
    0x00001d20   0x00000018   Code   RO          118    i.TurnOffSpecialLED  spaceinvaders.o
    0x00001d38   0x000000c0   Code   RO          327    i.UART0_Init        texas.o
    0x00001df8   0x000000a4   Code   RO          119    i.checkTouching     spaceinvaders.o
    0x00001e9c   0x00000038   Code   RO          120    i.checkTouchingMissileVsSprite  spaceinvaders.o
    0x00001ed4   0x00000038   Code   RO          121    i.checkTouchingSpriteVsSprite  spaceinvaders.o
    0x00001f0c   0x0000002c   Code   RO          122    i.isEnemyOnScreen   spaceinvaders.o
    0x00001f38   0x0000003c   Code   RO          123    i.isGameOver        spaceinvaders.o
    0x00001f74   0x0000004c   Code   RO           22    i.lcdwrite          nokia5110.o
    0x00001fc0   0x000000a4   Code   RO          124    i.main              spaceinvaders.o
    0x00002064   0x00000084   Code   RO          125    i.reviveEnemyIfPossible  spaceinvaders.o
    0x000020e8   0x000000a8   Code   RO          126    i.setRandomEnemyCoords  spaceinvaders.o
    0x00002190   0x000000f4   Code   RO          127    i.willEnemyBumpOtherStuff  spaceinvaders.o
    0x00002284   0x000001e0   Data   RO           24    .constdata          nokia5110.o
    0x00002464   0x00004845   Data   RO          129    .constdata          spaceinvaders.o
    0x00006ca9   0x00000168   Data   RO          332    .constdata          texas.o
    0x00006e11   0x00000003   PAD
    0x00006e14   0x00000020   Data   RO          590    Region$$Table       anon$$obj.o


    Execution Region ER_RW (Base: 0x20000000, Size: 0x000000d0, Max: 0xffffffff, ABSOLUTE)

    Base Addr    Size         Type   Attr      Idx    E Section Name        Object

    0x20000000   0x00000097   Data   RW          130    .data               spaceinvaders.o
    0x20000097   0x00000001   PAD
    0x20000098   0x00000034   Data   RW          333    .data               texas.o
    0x200000cc   0x00000004   Data   RW           91    DATA                random.o


    Execution Region ER_ZI (Base: 0x200000d0, Size: 0x00000948, Max: 0xffffffff, ABSOLUTE)

    Base Addr    Size         Type   Attr      Idx    E Section Name        Object

    0x200000d0   0x000001f8   Zero   RW           23    .bss                nokia5110.o
    0x200002c8   0x000002b4   Zero   RW          128    .bss                spaceinvaders.o
    0x2000057c   0x00000004   PAD
    0x20000580   0x00000038   Zero   RW          331    .bss                texas.o
    0x200005b8   0x00000060   Zero   RW          467    .bss                c_w.l(libspace.o)
    0x20000618   0x00000000   Zero   RW            2    HEAP                startup.o
    0x20000618   0x00000400   Zero   RW            1    STACK               startup.o


==============================================================================

Image component sizes


      Code (inc. data)   RO Data    RW Data    ZI Data      Debug   Object Name

      1508         94        480          0        504       9085   nokia5110.o
        64         14          0          4          0        184   random.o
      5076        534      18501        151        692      21060   spaceinvaders.o
       692        632          0          0       1024        868   startup.o
      1120        244        360         52         56      15392   texas.o

    ----------------------------------------------------------------------
      8464       1518      19376        208       2280      46589   Object Totals
         0          0         32          0          0          0   (incl. Generated)
         4          0          3          1          4          0   (incl. Padding)

    ----------------------------------------------------------------------

      Code (inc. data)   RO Data    RW Data    ZI Data      Debug   Library Member Name

         8          0          0          0          0         68   __main.o
        52          8          0          0          0          0   __scatter.o
        26          0          0          0          0          0   __scatter_copy.o
        28          0          0          0          0          0   __scatter_zi.o
        12          0          0          0          0         72   exit.o
         6          0          0          0          0        152   heapauxi.o
         0          0          0          0          0          0   indicate_semi.o
         2          0          0          0          0          0   libinit.o
         2          0          0          0          0          0   libinit2.o
         2          0          0          0          0          0   libshutdown.o
         2          0          0          0          0          0   libshutdown2.o
         8          4          0          0         96         68   libspace.o
       100          0          0          0          0         80   rt_memcpy_w.o
         0          0          0          0          0          0   rtentry.o
        12          0          0          0          0          0   rtentry2.o
         6          0          0          0          0          0   rtentry4.o
         2          0          0          0          0          0   rtexit.o
        10          0          0          0          0          0   rtexit2.o
        12          4          0          0          0         68   sys_exit.o
        74          0          0          0          0         80   sys_stackheap_outer.o
         2          0          0          0          0         68   use_no_semi.o

    ----------------------------------------------------------------------
       372         16          0          0         96        656   Library Totals
         6          0          0          0          0          0   (incl. Padding)

    ----------------------------------------------------------------------

      Code (inc. data)   RO Data    RW Data    ZI Data      Debug   Library Name

       366         16          0          0         96        656   c_w.l

    ----------------------------------------------------------------------
       372         16          0          0         96        656   Library Totals

    ----------------------------------------------------------------------

==============================================================================


      Code (inc. data)   RO Data    RW Data    ZI Data      Debug   

      8836       1534      19376        208       2376      44385   Grand Totals
      8836       1534      19376        208       2376      44385   ELF Image Totals
      8836       1534      19376        208          0          0   ROM Totals

==============================================================================

    Total RO  Size (Code + RO Data)                28212 (  27.55kB)
    Total RW  Size (RW Data + ZI Data)              2584 (   2.52kB)
    Total ROM Size (Code + RO Data + RW Data)      28420 (  27.75kB)

==============================================================================

