ARM Linker, 5.03 [Build 76] [MDK-ARM Lite]

==============================================================================

Section Cross References

    startup.o(STACK) refers (Special) to heapauxi.o(.text) for __use_two_region_memory
    startup.o(HEAP) refers (Special) to heapauxi.o(.text) for __use_two_region_memory
    startup.o(RESET) refers (Special) to heapauxi.o(.text) for __use_two_region_memory
    startup.o(RESET) refers to startup.o(STACK) for StackMem
    startup.o(RESET) refers to spaceinvaders.o(i.SysTick_Handler) for SysTick_Handler
    startup.o(RESET) refers to spaceinvaders.o(i.Timer2A_Handler) for Timer2A_Handler
    startup.o(RESET) refers to texas.o(i.Timer4A_Handler) for Timer4A_Handler
    startup.o(RESET) refers to texas.o(i.Timer5A_Handler) for Timer5A_Handler
    startup.o(RESET) refers to __main.o(!!!main) for __main
    startup.o(.text) refers (Special) to heapauxi.o(.text) for __use_two_region_memory
    startup.o(.text) refers to startup.o(HEAP) for HeapMem
    startup.o(.text) refers to startup.o(STACK) for StackMem
    nokia5110.o(i.Nokia5110_Clear) refers to nokia5110.o(i.lcdwrite) for lcdwrite
    nokia5110.o(i.Nokia5110_Clear) refers to nokia5110.o(i.Nokia5110_SetCursor) for Nokia5110_SetCursor
    nokia5110.o(i.Nokia5110_ClearBuffer) refers to nokia5110.o(.bss) for Screen
    nokia5110.o(i.Nokia5110_DisplayBuffer) refers to nokia5110.o(i.Nokia5110_DrawFullImage) for Nokia5110_DrawFullImage
    nokia5110.o(i.Nokia5110_DisplayBuffer) refers to nokia5110.o(.bss) for Screen
    nokia5110.o(i.Nokia5110_DrawFullImage) refers to nokia5110.o(i.Nokia5110_SetCursor) for Nokia5110_SetCursor
    nokia5110.o(i.Nokia5110_DrawFullImage) refers to nokia5110.o(i.lcdwrite) for lcdwrite
    nokia5110.o(i.Nokia5110_Init) refers to nokia5110.o(i.lcdwrite) for lcdwrite
    nokia5110.o(i.Nokia5110_OutChar) refers to nokia5110.o(i.lcdwrite) for lcdwrite
    nokia5110.o(i.Nokia5110_OutChar) refers to nokia5110.o(.constdata) for ASCII
    nokia5110.o(i.Nokia5110_OutString) refers to nokia5110.o(i.Nokia5110_OutChar) for Nokia5110_OutChar
    nokia5110.o(i.Nokia5110_OutUDec) refers to nokia5110.o(i.Nokia5110_OutString) for Nokia5110_OutString
    nokia5110.o(i.Nokia5110_OutUDec) refers to nokia5110.o(i.Nokia5110_OutChar) for Nokia5110_OutChar
    nokia5110.o(i.Nokia5110_PrintBMP) refers to nokia5110.o(.bss) for Screen
    nokia5110.o(i.Nokia5110_SetCursor) refers to nokia5110.o(i.lcdwrite) for lcdwrite
    random.o(.text) refers to random.o(DATA) for M
    spaceinvaders.o(i.InitSprites) refers to spaceinvaders.o(.bss) for Ship
    spaceinvaders.o(i.InitSprites) refers to spaceinvaders.o(.constdata) for _my_PlayerShip2_00
    spaceinvaders.o(i.Move) refers to spaceinvaders.o(.bss) for Enemy
    spaceinvaders.o(i.Random5) refers to random.o(.text) for Random
    spaceinvaders.o(i.Sound_Play) refers to spaceinvaders.o(i.Timer2A_Start) for Timer2A_Start
    spaceinvaders.o(i.Sound_Play) refers to spaceinvaders.o(.data) for Wave
    spaceinvaders.o(i.SysTick_Handler) refers to nokia5110.o(i.Nokia5110_ClearBuffer) for Nokia5110_ClearBuffer
    spaceinvaders.o(i.SysTick_Handler) refers to nokia5110.o(i.Nokia5110_PrintBMP) for Nokia5110_PrintBMP
    spaceinvaders.o(i.SysTick_Handler) refers to spaceinvaders.o(i.ADC0_In) for ADC0_In
    spaceinvaders.o(i.SysTick_Handler) refers to spaceinvaders.o(i.Convert) for Convert
    spaceinvaders.o(i.SysTick_Handler) refers to spaceinvaders.o(i.Sound_Play) for Sound_Play
    spaceinvaders.o(i.SysTick_Handler) refers to random.o(.text) for Random
    spaceinvaders.o(i.SysTick_Handler) refers to spaceinvaders.o(i.Fire_Button_Pressed) for Fire_Button_Pressed
    spaceinvaders.o(i.SysTick_Handler) refers to spaceinvaders.o(.data) for FrameCount
    spaceinvaders.o(i.SysTick_Handler) refers to spaceinvaders.o(.bss) for Ship
    spaceinvaders.o(i.SysTick_Handler) refers to spaceinvaders.o(.constdata) for invaderkilled
    spaceinvaders.o(i.Timer2A_Handler) refers to spaceinvaders.o(i.DAC_Out) for DAC_Out
    spaceinvaders.o(i.Timer2A_Handler) refers to spaceinvaders.o(i.Timer2A_Stop) for Timer2A_Stop
    spaceinvaders.o(i.Timer2A_Handler) refers to spaceinvaders.o(.data) for SoundCounter
    spaceinvaders.o(i.Timer2_Init) refers to spaceinvaders.o(.data) for TimerCount
    spaceinvaders.o(i.main) refers to texas.o(i.TExaS_Init) for TExaS_Init
    spaceinvaders.o(i.main) refers to startup.o(.text) for DisableInterrupts
    spaceinvaders.o(i.main) refers to random.o(.text) for Random_Init
    spaceinvaders.o(i.main) refers to nokia5110.o(i.Nokia5110_Init) for Nokia5110_Init
    spaceinvaders.o(i.main) refers to nokia5110.o(i.Nokia5110_ClearBuffer) for Nokia5110_ClearBuffer
    spaceinvaders.o(i.main) refers to nokia5110.o(i.Nokia5110_DisplayBuffer) for Nokia5110_DisplayBuffer
    spaceinvaders.o(i.main) refers to spaceinvaders.o(i.SysTick_Init) for SysTick_Init
    spaceinvaders.o(i.main) refers to spaceinvaders.o(i.Timer2_Init) for Timer2_Init
    spaceinvaders.o(i.main) refers to spaceinvaders.o(i.Ports_Init) for Ports_Init
    spaceinvaders.o(i.main) refers to spaceinvaders.o(i.InitSprites) for InitSprites
    spaceinvaders.o(i.main) refers to nokia5110.o(i.Nokia5110_PrintBMP) for Nokia5110_PrintBMP
    spaceinvaders.o(i.main) refers to spaceinvaders.o(i.Delay100ms) for Delay100ms
    spaceinvaders.o(i.main) refers to spaceinvaders.o(.constdata) for _my_Countdown_03
    spaceinvaders.o(i.main) refers to spaceinvaders.o(.data) for Flag
    spaceinvaders.o(.data) refers to spaceinvaders.o(.constdata) for _my_Field_01
    texas.o(i.SetCode) refers to texas.o(.bss) for TExaS
    texas.o(i.SetCourse) refers to texas.o(.bss) for TExaS
    texas.o(i.SetMode) refers to texas.o(.bss) for TExaS
    texas.o(i.StartTimer4) refers to texas.o(.data) for ScopeCount
    texas.o(i.TExaS_Init) refers to texas.o(i.PLL_Init) for PLL_Init
    texas.o(i.TExaS_Init) refers to texas.o(i.SetCourse) for SetCourse
    texas.o(i.TExaS_Init) refers to texas.o(i.UART0_Init) for UART0_Init
    texas.o(i.TExaS_Init) refers to texas.o(i.SetCode) for SetCode
    texas.o(i.TExaS_Init) refers to texas.o(i.ADC1_Init) for ADC1_Init
    texas.o(i.TExaS_Init) refers to texas.o(.constdata) for IntroMsg
    texas.o(i.TExaS_Init) refers to texas.o(.bss) for TExaS
    texas.o(i.TExaS_Init) refers to texas.o(.data) for LastMode
    texas.o(i.Timer5A_Handler) refers to texas.o(i.ADC1_In) for ADC1_In
    texas.o(i.Timer5A_Handler) refers to texas.o(.data) for TExaS_Period
    __main.o(!!!main) refers to rtentry.o(.ARM.Collect$$rtentry$$00000000) for __rt_entry
    rtentry.o(.ARM.Collect$$rtentry$$00000000) refers (Special) to rtentry2.o(.ARM.Collect$$rtentry$$0000000A) for __rt_entry_li
    rtentry.o(.ARM.Collect$$rtentry$$00000000) refers (Special) to rtentry2.o(.ARM.Collect$$rtentry$$0000000D) for __rt_entry_main
    rtentry.o(.ARM.Collect$$rtentry$$00000000) refers (Special) to rtentry2.o(.ARM.Collect$$rtentry$$0000000C) for __rt_entry_postli_1
    rtentry.o(.ARM.Collect$$rtentry$$00000000) refers (Special) to rtentry2.o(.ARM.Collect$$rtentry$$00000009) for __rt_entry_postsh_1
    rtentry.o(.ARM.Collect$$rtentry$$00000000) refers (Special) to rtentry2.o(.ARM.Collect$$rtentry$$00000002) for __rt_entry_presh_1
    rtentry.o(.ARM.Collect$$rtentry$$00000000) refers (Special) to rtentry4.o(.ARM.Collect$$rtentry$$00000004) for __rt_entry_sh
    rtentry2.o(.ARM.Collect$$rtentry$$00000008) refers to boardinit2.o(.text) for _platform_post_stackheap_init
    rtentry2.o(.ARM.Collect$$rtentry$$0000000A) refers to libinit.o(.ARM.Collect$$libinit$$00000000) for __rt_lib_init
    rtentry2.o(.ARM.Collect$$rtentry$$0000000B) refers to boardinit3.o(.text) for _platform_post_lib_init
    rtentry2.o(.ARM.Collect$$rtentry$$0000000D) refers to spaceinvaders.o(i.main) for main
    rtentry2.o(.ARM.Collect$$rtentry$$0000000D) refers to exit.o(.text) for exit
    rtentry2.o(.ARM.exidx) refers to rtentry2.o(.ARM.Collect$$rtentry$$00000001) for .ARM.Collect$$rtentry$$00000001
    rtentry2.o(.ARM.exidx) refers to rtentry2.o(.ARM.Collect$$rtentry$$00000008) for .ARM.Collect$$rtentry$$00000008
    rtentry2.o(.ARM.exidx) refers to rtentry2.o(.ARM.Collect$$rtentry$$0000000A) for .ARM.Collect$$rtentry$$0000000A
    rtentry2.o(.ARM.exidx) refers to rtentry2.o(.ARM.Collect$$rtentry$$0000000B) for .ARM.Collect$$rtentry$$0000000B
    rtentry2.o(.ARM.exidx) refers to rtentry2.o(.ARM.Collect$$rtentry$$0000000D) for .ARM.Collect$$rtentry$$0000000D
    rtentry4.o(.ARM.Collect$$rtentry$$00000004) refers to sys_stackheap_outer.o(.text) for __user_setup_stackheap
    rtentry4.o(.ARM.exidx) refers to rtentry4.o(.ARM.Collect$$rtentry$$00000004) for .ARM.Collect$$rtentry$$00000004
    sys_stackheap_outer.o(.text) refers to libspace.o(.text) for __user_perproc_libspace
    sys_stackheap_outer.o(.text) refers to startup.o(.text) for __user_initial_stackheap
    exit.o(.text) refers to rtexit.o(.ARM.Collect$$rtexit$$00000000) for __rt_exit
    libinit.o(.ARM.Collect$$libinit$$00000000) refers (Special) to libinit2.o(.ARM.Collect$$libinit$$0000002C) for __rt_lib_init_alloca_1
    libinit.o(.ARM.Collect$$libinit$$00000000) refers (Special) to libinit2.o(.ARM.Collect$$libinit$$0000002A) for __rt_lib_init_argv_1
    libinit.o(.ARM.Collect$$libinit$$00000000) refers (Special) to libinit2.o(.ARM.Collect$$libinit$$00000019) for __rt_lib_init_atexit_1
    libinit.o(.ARM.Collect$$libinit$$00000000) refers (Special) to libinit2.o(.ARM.Collect$$libinit$$0000001F) for __rt_lib_init_clock_1
    libinit.o(.ARM.Collect$$libinit$$00000000) refers (Special) to libinit2.o(.ARM.Collect$$libinit$$00000030) for __rt_lib_init_cpp_1
    libinit.o(.ARM.Collect$$libinit$$00000000) refers (Special) to libinit2.o(.ARM.Collect$$libinit$$0000002E) for __rt_lib_init_exceptions_1
    libinit.o(.ARM.Collect$$libinit$$00000000) refers (Special) to libinit2.o(.ARM.Collect$$libinit$$00000002) for __rt_lib_init_fp_1
    libinit.o(.ARM.Collect$$libinit$$00000000) refers (Special) to libinit2.o(.ARM.Collect$$libinit$$0000001D) for __rt_lib_init_fp_trap_1
    libinit.o(.ARM.Collect$$libinit$$00000000) refers (Special) to libinit2.o(.ARM.Collect$$libinit$$00000021) for __rt_lib_init_getenv_1
    libinit.o(.ARM.Collect$$libinit$$00000000) refers (Special) to libinit2.o(.ARM.Collect$$libinit$$00000008) for __rt_lib_init_heap_1
    libinit.o(.ARM.Collect$$libinit$$00000000) refers (Special) to libinit2.o(.ARM.Collect$$libinit$$0000000F) for __rt_lib_init_lc_collate_1
    libinit.o(.ARM.Collect$$libinit$$00000000) refers (Special) to libinit2.o(.ARM.Collect$$libinit$$00000011) for __rt_lib_init_lc_ctype_1
    libinit.o(.ARM.Collect$$libinit$$00000000) refers (Special) to libinit2.o(.ARM.Collect$$libinit$$00000013) for __rt_lib_init_lc_monetary_1
    libinit.o(.ARM.Collect$$libinit$$00000000) refers (Special) to libinit2.o(.ARM.Collect$$libinit$$00000015) for __rt_lib_init_lc_numeric_1
    libinit.o(.ARM.Collect$$libinit$$00000000) refers (Special) to libinit2.o(.ARM.Collect$$libinit$$00000017) for __rt_lib_init_lc_time_1
    libinit.o(.ARM.Collect$$libinit$$00000000) refers (Special) to libinit2.o(.ARM.Collect$$libinit$$0000000C) for __rt_lib_init_rand_1
    libinit.o(.ARM.Collect$$libinit$$00000000) refers (Special) to libinit2.o(.ARM.Collect$$libinit$$00000031) for __rt_lib_init_return
    libinit.o(.ARM.Collect$$libinit$$00000000) refers (Special) to libinit2.o(.ARM.Collect$$libinit$$0000001B) for __rt_lib_init_signal_1
    libinit.o(.ARM.Collect$$libinit$$00000000) refers (Special) to libinit2.o(.ARM.Collect$$libinit$$00000023) for __rt_lib_init_stdio_1
    libinit.o(.ARM.Collect$$libinit$$00000000) refers (Special) to libinit2.o(.ARM.Collect$$libinit$$0000000A) for __rt_lib_init_user_alloc_1
    libspace.o(.text) refers to libspace.o(.bss) for __libspace_start
    rtexit.o(.ARM.Collect$$rtexit$$00000000) refers (Special) to rtexit2.o(.ARM.Collect$$rtexit$$00000004) for __rt_exit_exit
    rtexit.o(.ARM.Collect$$rtexit$$00000000) refers (Special) to rtexit2.o(.ARM.Collect$$rtexit$$00000003) for __rt_exit_ls
    rtexit.o(.ARM.Collect$$rtexit$$00000000) refers (Special) to rtexit2.o(.ARM.Collect$$rtexit$$00000002) for __rt_exit_prels_1
    rtexit.o(.ARM.exidx) refers (Special) to rtexit2.o(.ARM.Collect$$rtexit$$00000004) for __rt_exit_exit
    rtexit.o(.ARM.exidx) refers (Special) to rtexit2.o(.ARM.Collect$$rtexit$$00000003) for __rt_exit_ls
    rtexit.o(.ARM.exidx) refers (Special) to rtexit2.o(.ARM.Collect$$rtexit$$00000002) for __rt_exit_prels_1
    rtexit.o(.ARM.exidx) refers to rtexit.o(.ARM.Collect$$rtexit$$00000000) for .ARM.Collect$$rtexit$$00000000
    libinit2.o(.ARM.Collect$$libinit$$0000000E) refers to libinit2.o(.ARM.Collect$$libinit$$0000000D) for .ARM.Collect$$libinit$$0000000D
    libinit2.o(.ARM.Collect$$libinit$$00000010) refers to libinit2.o(.ARM.Collect$$libinit$$0000000D) for .ARM.Collect$$libinit$$0000000D
    libinit2.o(.ARM.Collect$$libinit$$00000012) refers to libinit2.o(.ARM.Collect$$libinit$$0000000D) for .ARM.Collect$$libinit$$0000000D
    libinit2.o(.ARM.Collect$$libinit$$00000014) refers to libinit2.o(.ARM.Collect$$libinit$$0000000D) for .ARM.Collect$$libinit$$0000000D
    libinit2.o(.ARM.Collect$$libinit$$00000016) refers to libinit2.o(.ARM.Collect$$libinit$$0000000D) for .ARM.Collect$$libinit$$0000000D
    libinit2.o(.ARM.Collect$$libinit$$00000024) refers to argv_veneer.o(.emb_text) for __ARM_argv_veneer
    libinit2.o(.ARM.Collect$$libinit$$00000025) refers to argv_veneer.o(.emb_text) for __ARM_argv_veneer
    rtexit2.o(.ARM.Collect$$rtexit$$00000003) refers to libshutdown.o(.ARM.Collect$$libshutdown$$00000000) for __rt_lib_shutdown
    rtexit2.o(.ARM.Collect$$rtexit$$00000004) refers to sys_exit.o(.text) for _sys_exit
    rtexit2.o(.ARM.exidx) refers to rtexit2.o(.ARM.Collect$$rtexit$$00000001) for .ARM.Collect$$rtexit$$00000001
    rtexit2.o(.ARM.exidx) refers to rtexit2.o(.ARM.Collect$$rtexit$$00000003) for .ARM.Collect$$rtexit$$00000003
    rtexit2.o(.ARM.exidx) refers to rtexit2.o(.ARM.Collect$$rtexit$$00000004) for .ARM.Collect$$rtexit$$00000004
    argv_veneer.o(.emb_text) refers to no_argv.o(.text) for __ARM_get_argv
    sys_exit.o(.text) refers (Special) to use_no_semi.o(.text) for __I$use$semihosting
    sys_exit.o(.text) refers (Special) to indicate_semi.o(.text) for __semihosting_library_function
    _get_argv_nomalloc.o(.text) refers (Special) to hrguard.o(.text) for __heap_region$guard
    _get_argv_nomalloc.o(.text) refers to defsig_rtmem_outer.o(.text) for __rt_SIGRTMEM
    _get_argv_nomalloc.o(.text) refers to sys_command.o(.text) for _sys_command_string
    libshutdown.o(.ARM.Collect$$libshutdown$$00000000) refers (Special) to libshutdown2.o(.ARM.Collect$$libshutdown$$00000006) for __rt_lib_shutdown_fp_trap_1
    libshutdown.o(.ARM.Collect$$libshutdown$$00000000) refers (Special) to libshutdown2.o(.ARM.Collect$$libshutdown$$0000000E) for __rt_lib_shutdown_heap_1
    libshutdown.o(.ARM.Collect$$libshutdown$$00000000) refers (Special) to libshutdown2.o(.ARM.Collect$$libshutdown$$0000000F) for __rt_lib_shutdown_return
    libshutdown.o(.ARM.Collect$$libshutdown$$00000000) refers (Special) to libshutdown2.o(.ARM.Collect$$libshutdown$$00000009) for __rt_lib_shutdown_signal_1
    libshutdown.o(.ARM.Collect$$libshutdown$$00000000) refers (Special) to libshutdown2.o(.ARM.Collect$$libshutdown$$00000003) for __rt_lib_shutdown_stdio_1
    libshutdown.o(.ARM.Collect$$libshutdown$$00000000) refers (Special) to libshutdown2.o(.ARM.Collect$$libshutdown$$0000000B) for __rt_lib_shutdown_user_alloc_1
    sys_command.o(.text) refers (Special) to use_no_semi.o(.text) for __I$use$semihosting
    sys_command.o(.text) refers (Special) to indicate_semi.o(.text) for __semihosting_library_function
    defsig_rtmem_outer.o(.text) refers to defsig_rtmem_inner.o(.text) for __rt_SIGRTMEM_inner
    defsig_rtmem_outer.o(.text) refers to defsig_exit.o(.text) for __sig_exit
    defsig_rtmem_formal.o(.text) refers to rt_raise.o(.text) for __rt_raise
    rt_raise.o(.text) refers to __raise.o(.text) for __raise
    rt_raise.o(.text) refers to sys_exit.o(.text) for _sys_exit
    defsig_exit.o(.text) refers to sys_exit.o(.text) for _sys_exit
    defsig_rtmem_inner.o(.text) refers to defsig_general.o(.text) for __default_signal_display
    __raise.o(.text) refers to defsig.o(CL$$defsig) for __default_signal_handler
    defsig_general.o(.text) refers to sys_wrch.o(.text) for _ttywrch
    sys_wrch.o(.text) refers (Special) to use_no_semi.o(.text) for __I$use$semihosting
    sys_wrch.o(.text) refers (Special) to indicate_semi.o(.text) for __semihosting_library_function
    defsig.o(CL$$defsig) refers to defsig_rtmem_inner.o(.text) for __rt_SIGRTMEM_inner
    defsig_abrt_inner.o(.text) refers to defsig_general.o(.text) for __default_signal_display
    defsig_fpe_inner.o(.text) refers to defsig_general.o(.text) for __default_signal_display
    defsig_rtred_inner.o(.text) refers to defsig_general.o(.text) for __default_signal_display
    defsig_stak_inner.o(.text) refers to defsig_general.o(.text) for __default_signal_display
    defsig_pvfn_inner.o(.text) refers to defsig_general.o(.text) for __default_signal_display
    defsig_cppl_inner.o(.text) refers to defsig_general.o(.text) for __default_signal_display
    defsig_segv_inner.o(.text) refers to defsig_general.o(.text) for __default_signal_display
    defsig_other.o(.text) refers to defsig_general.o(.text) for __default_signal_display


==============================================================================

Removing Unused input sections from the image.

    Removing nokia5110.o(i.Nokia5110_Clear), (32 bytes).
    Removing nokia5110.o(i.Nokia5110_OutChar), (56 bytes).
    Removing nokia5110.o(i.Nokia5110_OutString), (22 bytes).
    Removing nokia5110.o(i.Nokia5110_OutUDec), (412 bytes).
    Removing nokia5110.o(.constdata), (480 bytes).
    Removing spaceinvaders.o(i.Move), (68 bytes).
    Removing spaceinvaders.o(i.Random5), (22 bytes).
    Removing spaceinvaders.o(i.Special_Button_Pressed), (16 bytes).
    Removing texas.o(i.SetMode), (24 bytes).
    Removing texas.o(i.StartTimer4), (36 bytes).
    Removing texas.o(i.StopTimer4), (24 bytes).
    Removing texas.o(i.TExaS_Stop), (28 bytes).
    Removing texas.o(i.UART0_InChar), (24 bytes).
    Removing texas.o(i.UART0_InCharNonBlocking), (28 bytes).
    Removing texas.o(i.UART0_OutChar), (24 bytes).
    Removing texas.o(i.UART0_OutCharNonBlock), (12 bytes).
    Removing texas.o(i.copy), (18 bytes).

17 unused section(s) (total 1326 bytes) removed from the image.

==============================================================================

Image Symbol Table

    Local Symbols

    Symbol Name                              Value     Ov Type        Size  Object(Section)

    RESET                                    0x00000000   Section      644  startup.o(RESET)
    ../clib/angel/boardlib.s                 0x00000000   Number         0  boardshut.o ABSOLUTE
    ../clib/angel/boardlib.s                 0x00000000   Number         0  boardinit2.o ABSOLUTE
    ../clib/angel/boardlib.s                 0x00000000   Number         0  boardinit3.o ABSOLUTE
    ../clib/angel/boardlib.s                 0x00000000   Number         0  boardinit1.o ABSOLUTE
    ../clib/angel/handlers.s                 0x00000000   Number         0  __scatter_copy.o ABSOLUTE
    ../clib/angel/handlers.s                 0x00000000   Number         0  __scatter_zi.o ABSOLUTE
    ../clib/angel/kernel.s                   0x00000000   Number         0  rtexit.o ABSOLUTE
    ../clib/angel/kernel.s                   0x00000000   Number         0  rtentry.o ABSOLUTE
    ../clib/angel/kernel.s                   0x00000000   Number         0  rtentry2.o ABSOLUTE
    ../clib/angel/kernel.s                   0x00000000   Number         0  rtexit2.o ABSOLUTE
    ../clib/angel/kernel.s                   0x00000000   Number         0  rtentry4.o ABSOLUTE
    ../clib/angel/rt.s                       0x00000000   Number         0  rt_raise.o ABSOLUTE
    ../clib/angel/scatter.s                  0x00000000   Number         0  __scatter.o ABSOLUTE
    ../clib/angel/startup.s                  0x00000000   Number         0  __main.o ABSOLUTE
    ../clib/angel/sys.s                      0x00000000   Number         0  sys_stackheap_outer.o ABSOLUTE
    ../clib/angel/sys.s                      0x00000000   Number         0  use_no_semi.o ABSOLUTE
    ../clib/angel/sys.s                      0x00000000   Number         0  libspace.o ABSOLUTE
    ../clib/angel/sys.s                      0x00000000   Number         0  indicate_semi.o ABSOLUTE
    ../clib/angel/sysapp.c                   0x00000000   Number         0  sys_exit.o ABSOLUTE
    ../clib/angel/sysapp.c                   0x00000000   Number         0  sys_wrch.o ABSOLUTE
    ../clib/angel/sysapp.c                   0x00000000   Number         0  sys_command.o ABSOLUTE
    ../clib/armsys.c                         0x00000000   Number         0  argv_veneer.o ABSOLUTE
    ../clib/armsys.c                         0x00000000   Number         0  argv_veneer.o ABSOLUTE
    ../clib/armsys.c                         0x00000000   Number         0  no_argv.o ABSOLUTE
    ../clib/armsys.c                         0x00000000   Number         0  _get_argv_nomalloc.o ABSOLUTE
    ../clib/heapalloc.c                      0x00000000   Number         0  hrguard.o ABSOLUTE
    ../clib/heapaux.c                        0x00000000   Number         0  heapauxi.o ABSOLUTE
    ../clib/libinit.s                        0x00000000   Number         0  libinit2.o ABSOLUTE
    ../clib/libinit.s                        0x00000000   Number         0  libshutdown2.o ABSOLUTE
    ../clib/libinit.s                        0x00000000   Number         0  libshutdown.o ABSOLUTE
    ../clib/libinit.s                        0x00000000   Number         0  libinit.o ABSOLUTE
    ../clib/signal.c                         0x00000000   Number         0  defsig_general.o ABSOLUTE
    ../clib/signal.c                         0x00000000   Number         0  defsig_rtmem_inner.o ABSOLUTE
    ../clib/signal.c                         0x00000000   Number         0  defsig_exit.o ABSOLUTE
    ../clib/signal.c                         0x00000000   Number         0  __raise.o ABSOLUTE
    ../clib/signal.c                         0x00000000   Number         0  defsig_segv_inner.o ABSOLUTE
    ../clib/signal.c                         0x00000000   Number         0  defsig_cppl_inner.o ABSOLUTE
    ../clib/signal.c                         0x00000000   Number         0  defsig_pvfn_inner.o ABSOLUTE
    ../clib/signal.c                         0x00000000   Number         0  defsig_stak_inner.o ABSOLUTE
    ../clib/signal.c                         0x00000000   Number         0  defsig_rtred_inner.o ABSOLUTE
    ../clib/signal.c                         0x00000000   Number         0  defsig_fpe_inner.o ABSOLUTE
    ../clib/signal.c                         0x00000000   Number         0  defsig_abrt_inner.o ABSOLUTE
    ../clib/signal.c                         0x00000000   Number         0  defsig_other.o ABSOLUTE
    ../clib/signal.c                         0x00000000   Number         0  defsig_rtmem_formal.o ABSOLUTE
    ../clib/signal.c                         0x00000000   Number         0  defsig_rtmem_outer.o ABSOLUTE
    ../clib/signal.s                         0x00000000   Number         0  defsig.o ABSOLUTE
    ../clib/stdlib.c                         0x00000000   Number         0  exit.o ABSOLUTE
    ../fplib/fpinit.s                        0x00000000   Number         0  fpinit.o ABSOLUTE
    Nokia5110.c                              0x00000000   Number         0  nokia5110.o ABSOLUTE
    SpaceInvaders.c                          0x00000000   Number         0  spaceinvaders.o ABSOLUTE
    TExaS.c                                  0x00000000   Number         0  texas.o ABSOLUTE
    dc.s                                     0x00000000   Number         0  dc.o ABSOLUTE
    random.s                                 0x00000000   Number         0  random.o ABSOLUTE
    startup.s                                0x00000000   Number         0  startup.o ABSOLUTE
    !!!main                                  0x00000284   Section        8  __main.o(!!!main)
    !!!scatter                               0x0000028c   Section       52  __scatter.o(!!!scatter)
    !!handler_copy                           0x000002c0   Section       26  __scatter_copy.o(!!handler_copy)
    !!handler_zi                             0x000002dc   Section       28  __scatter_zi.o(!!handler_zi)
    .ARM.Collect$$libinit$$00000000          0x000002f8   Section        2  libinit.o(.ARM.Collect$$libinit$$00000000)
    .ARM.Collect$$libinit$$00000002          0x000002fa   Section        0  libinit2.o(.ARM.Collect$$libinit$$00000002)
    .ARM.Collect$$libinit$$00000008          0x000002fa   Section        0  libinit2.o(.ARM.Collect$$libinit$$00000008)
    .ARM.Collect$$libinit$$0000000A          0x000002fa   Section        0  libinit2.o(.ARM.Collect$$libinit$$0000000A)
    .ARM.Collect$$libinit$$0000000C          0x000002fa   Section        0  libinit2.o(.ARM.Collect$$libinit$$0000000C)
    .ARM.Collect$$libinit$$0000000F          0x000002fa   Section        0  libinit2.o(.ARM.Collect$$libinit$$0000000F)
    .ARM.Collect$$libinit$$00000011          0x000002fa   Section        0  libinit2.o(.ARM.Collect$$libinit$$00000011)
    .ARM.Collect$$libinit$$00000013          0x000002fa   Section        0  libinit2.o(.ARM.Collect$$libinit$$00000013)
    .ARM.Collect$$libinit$$00000015          0x000002fa   Section        0  libinit2.o(.ARM.Collect$$libinit$$00000015)
    .ARM.Collect$$libinit$$00000017          0x000002fa   Section        0  libinit2.o(.ARM.Collect$$libinit$$00000017)
    .ARM.Collect$$libinit$$00000019          0x000002fa   Section        0  libinit2.o(.ARM.Collect$$libinit$$00000019)
    .ARM.Collect$$libinit$$0000001B          0x000002fa   Section        0  libinit2.o(.ARM.Collect$$libinit$$0000001B)
    .ARM.Collect$$libinit$$0000001D          0x000002fa   Section        0  libinit2.o(.ARM.Collect$$libinit$$0000001D)
    .ARM.Collect$$libinit$$0000001F          0x000002fa   Section        0  libinit2.o(.ARM.Collect$$libinit$$0000001F)
    .ARM.Collect$$libinit$$00000021          0x000002fa   Section        0  libinit2.o(.ARM.Collect$$libinit$$00000021)
    .ARM.Collect$$libinit$$00000023          0x000002fa   Section        0  libinit2.o(.ARM.Collect$$libinit$$00000023)
    .ARM.Collect$$libinit$$0000002A          0x000002fa   Section        0  libinit2.o(.ARM.Collect$$libinit$$0000002A)
    .ARM.Collect$$libinit$$0000002C          0x000002fa   Section        0  libinit2.o(.ARM.Collect$$libinit$$0000002C)
    .ARM.Collect$$libinit$$0000002E          0x000002fa   Section        0  libinit2.o(.ARM.Collect$$libinit$$0000002E)
    .ARM.Collect$$libinit$$00000030          0x000002fa   Section        0  libinit2.o(.ARM.Collect$$libinit$$00000030)
    .ARM.Collect$$libinit$$00000031          0x000002fa   Section        2  libinit2.o(.ARM.Collect$$libinit$$00000031)
    .ARM.Collect$$libshutdown$$00000000      0x000002fc   Section        2  libshutdown.o(.ARM.Collect$$libshutdown$$00000000)
    .ARM.Collect$$libshutdown$$00000003      0x000002fe   Section        0  libshutdown2.o(.ARM.Collect$$libshutdown$$00000003)
    .ARM.Collect$$libshutdown$$00000006      0x000002fe   Section        0  libshutdown2.o(.ARM.Collect$$libshutdown$$00000006)
    .ARM.Collect$$libshutdown$$00000009      0x000002fe   Section        0  libshutdown2.o(.ARM.Collect$$libshutdown$$00000009)
    .ARM.Collect$$libshutdown$$0000000B      0x000002fe   Section        0  libshutdown2.o(.ARM.Collect$$libshutdown$$0000000B)
    .ARM.Collect$$libshutdown$$0000000E      0x000002fe   Section        0  libshutdown2.o(.ARM.Collect$$libshutdown$$0000000E)
    .ARM.Collect$$libshutdown$$0000000F      0x000002fe   Section        2  libshutdown2.o(.ARM.Collect$$libshutdown$$0000000F)
    .ARM.Collect$$rtentry$$00000000          0x00000300   Section        0  rtentry.o(.ARM.Collect$$rtentry$$00000000)
    .ARM.Collect$$rtentry$$00000002          0x00000300   Section        0  rtentry2.o(.ARM.Collect$$rtentry$$00000002)
    .ARM.Collect$$rtentry$$00000004          0x00000300   Section        6  rtentry4.o(.ARM.Collect$$rtentry$$00000004)
    .ARM.Collect$$rtentry$$00000009          0x00000306   Section        0  rtentry2.o(.ARM.Collect$$rtentry$$00000009)
    .ARM.Collect$$rtentry$$0000000A          0x00000306   Section        4  rtentry2.o(.ARM.Collect$$rtentry$$0000000A)
    .ARM.Collect$$rtentry$$0000000C          0x0000030a   Section        0  rtentry2.o(.ARM.Collect$$rtentry$$0000000C)
    .ARM.Collect$$rtentry$$0000000D          0x0000030a   Section        8  rtentry2.o(.ARM.Collect$$rtentry$$0000000D)
    .ARM.Collect$$rtexit$$00000000           0x00000312   Section        2  rtexit.o(.ARM.Collect$$rtexit$$00000000)
    .ARM.Collect$$rtexit$$00000002           0x00000314   Section        0  rtexit2.o(.ARM.Collect$$rtexit$$00000002)
    .ARM.Collect$$rtexit$$00000003           0x00000314   Section        4  rtexit2.o(.ARM.Collect$$rtexit$$00000003)
    .ARM.Collect$$rtexit$$00000004           0x00000318   Section        6  rtexit2.o(.ARM.Collect$$rtexit$$00000004)
    .text                                    0x00000320   Section       48  startup.o(.text)
    .text                                    0x00000350   Section       64  random.o(.text)
    .text                                    0x00000390   Section        0  heapauxi.o(.text)
    .text                                    0x00000396   Section       74  sys_stackheap_outer.o(.text)
    .text                                    0x000003e0   Section        0  exit.o(.text)
    .text                                    0x000003ec   Section        8  libspace.o(.text)
    .text                                    0x000003f4   Section        0  sys_exit.o(.text)
    .text                                    0x00000400   Section        2  use_no_semi.o(.text)
    .text                                    0x00000402   Section        0  indicate_semi.o(.text)
    i.ADC0_In                                0x00000404   Section        0  spaceinvaders.o(i.ADC0_In)
    i.ADC1_In                                0x00000430   Section        0  texas.o(i.ADC1_In)
    i.ADC1_Init                              0x0000043c   Section        0  texas.o(i.ADC1_Init)
    i.Convert                                0x00000510   Section        0  spaceinvaders.o(i.Convert)
    i.DAC_Out                                0x00000520   Section        0  spaceinvaders.o(i.DAC_Out)
    i.Delay100ms                             0x0000052c   Section        0  spaceinvaders.o(i.Delay100ms)
    i.Fire_Button_Pressed                    0x00000550   Section        0  spaceinvaders.o(i.Fire_Button_Pressed)
    i.InitSprites                            0x00000560   Section        0  spaceinvaders.o(i.InitSprites)
    i.Nokia5110_ClearBuffer                  0x00000688   Section        0  nokia5110.o(i.Nokia5110_ClearBuffer)
    i.Nokia5110_DisplayBuffer                0x000006a0   Section        0  nokia5110.o(i.Nokia5110_DisplayBuffer)
    i.Nokia5110_DrawFullImage                0x000006b0   Section        0  nokia5110.o(i.Nokia5110_DrawFullImage)
    i.Nokia5110_Init                         0x000006d4   Section        0  nokia5110.o(i.Nokia5110_Init)
    i.Nokia5110_PrintBMP                     0x00000840   Section        0  nokia5110.o(i.Nokia5110_PrintBMP)
    i.Nokia5110_SetCursor                    0x000009e8   Section        0  nokia5110.o(i.Nokia5110_SetCursor)
    i.PLL_Init                               0x00000a18   Section        0  texas.o(i.PLL_Init)
    i.Ports_Init                             0x00000a94   Section        0  spaceinvaders.o(i.Ports_Init)
    i.SetCode                                0x00000c48   Section        0  texas.o(i.SetCode)
    i.SetCourse                              0x00000c60   Section        0  texas.o(i.SetCourse)
    i.Sound_Play                             0x00000c78   Section        0  spaceinvaders.o(i.Sound_Play)
    i.SysTick_Handler                        0x00000ca0   Section        0  spaceinvaders.o(i.SysTick_Handler)
    i.SysTick_Init                           0x000010e4   Section        0  spaceinvaders.o(i.SysTick_Init)
    i.TExaS_Init                             0x00001118   Section        0  texas.o(i.TExaS_Init)
    i.Timer2A_Handler                        0x000012dc   Section        0  spaceinvaders.o(i.Timer2A_Handler)
    i.Timer2A_Start                          0x00001324   Section        0  spaceinvaders.o(i.Timer2A_Start)
    i.Timer2A_Stop                           0x00001338   Section        0  spaceinvaders.o(i.Timer2A_Stop)
    i.Timer2_Init                            0x0000134c   Section        0  spaceinvaders.o(i.Timer2_Init)
    i.Timer4A_Handler                        0x000013b8   Section        0  texas.o(i.Timer4A_Handler)
    i.Timer5A_Handler                        0x000013d8   Section        0  texas.o(i.Timer5A_Handler)
    i.UART0_Init                             0x00001408   Section        0  texas.o(i.UART0_Init)
    i.lcdwrite                               0x000014c8   Section        0  nokia5110.o(i.lcdwrite)
    lcdwrite                                 0x000014c9   Thumb Code    66  nokia5110.o(i.lcdwrite)
    i.main                                   0x00001514   Section        0  spaceinvaders.o(i.main)
    .constdata                               0x000015dc   Section    18328  spaceinvaders.o(.constdata)
    ASCII                                    0x000015dc   Data         480  spaceinvaders.o(.constdata)
    .constdata                               0x00005d74   Section      360  texas.o(.constdata)
    .data                                    0x20000000   Section      120  spaceinvaders.o(.data)
    .data                                    0x20000078   Section       52  texas.o(.data)
    DATA                                     0x200000ac   Section        4  random.o(DATA)
    M                                        0x200000ac   Data           4  random.o(DATA)
    .bss                                     0x200000b0   Section      504  nokia5110.o(.bss)
    .bss                                     0x200002a8   Section      168  spaceinvaders.o(.bss)
    .bss                                     0x20000350   Section       56  texas.o(.bss)
    .bss                                     0x20000388   Section       96  libspace.o(.bss)
    HEAP                                     0x200003e8   Section        0  startup.o(HEAP)
    STACK                                    0x200003e8   Section     1024  startup.o(STACK)
    HeapMem                                  0x200003e8   Data           0  startup.o(HEAP)
    StackMem                                 0x200003e8   Data           0  startup.o(STACK)

    Global Symbols

    Symbol Name                              Value     Ov Type        Size  Object(Section)

    BuildAttributes$$THM_ISAv4$E$P$D$K$B$S$7EM$PE$A:L22UL41UL21$X:L11$S22US41US21$IEEE1$IW$USESV6$~STKCKD$USESV7$~SHL$OSPACE$ROPI$EBA8$UX$STANDARDLIB$REQ8$PRES8$EABIv2 0x00000000   Number         0  anon$$obj.o ABSOLUTE
    __ARM_use_no_argv                        0x00000000   Number         0  spaceinvaders.o ABSOLUTE
    __Vectors                                0x00000000   Data           0  startup.o(RESET)
    __ARM_exceptions_init                     - Undefined Weak Reference
    __alloca_initialize                       - Undefined Weak Reference
    __cpp_initialize__aeabi_                  - Undefined Weak Reference
    __cxa_finalize                            - Undefined Weak Reference
    __rt_locale                               - Undefined Weak Reference
    __sigvec_lookup                           - Undefined Weak Reference
    _atexit_init                              - Undefined Weak Reference
    _call_atexit_fns                          - Undefined Weak Reference
    _clock_init                               - Undefined Weak Reference
    _fp_trap_init                             - Undefined Weak Reference
    _fp_trap_shutdown                         - Undefined Weak Reference
    _get_lc_collate                           - Undefined Weak Reference
    _get_lc_ctype                             - Undefined Weak Reference
    _get_lc_monetary                          - Undefined Weak Reference
    _get_lc_numeric                           - Undefined Weak Reference
    _get_lc_time                              - Undefined Weak Reference
    _getenv_init                              - Undefined Weak Reference
    _handle_redirection                       - Undefined Weak Reference
    _init_alloc                               - Undefined Weak Reference
    _init_user_alloc                          - Undefined Weak Reference
    _initio                                   - Undefined Weak Reference
    _rand_init                                - Undefined Weak Reference
    _signal_finish                            - Undefined Weak Reference
    _signal_init                              - Undefined Weak Reference
    _terminate_alloc                          - Undefined Weak Reference
    _terminate_user_alloc                     - Undefined Weak Reference
    _terminateio                              - Undefined Weak Reference
    Reset_Handler                            0x0000026d   Thumb Code     0  startup.o(RESET)
    NMI_Handler                              0x00000271   Thumb Code     2  startup.o(RESET)
    HardFault_Handler                        0x00000273   Thumb Code     2  startup.o(RESET)
    MemManage_Handler                        0x00000275   Thumb Code     2  startup.o(RESET)
    BusFault_Handler                         0x00000277   Thumb Code     2  startup.o(RESET)
    UsageFault_Handler                       0x00000279   Thumb Code     2  startup.o(RESET)
    SVC_Handler                              0x0000027b   Thumb Code     2  startup.o(RESET)
    DebugMon_Handler                         0x0000027d   Thumb Code     2  startup.o(RESET)
    PendSV_Handler                           0x0000027f   Thumb Code     2  startup.o(RESET)
    ADC0Seq0_Handler                         0x00000283   Thumb Code     0  startup.o(RESET)
    ADC0Seq1_Handler                         0x00000283   Thumb Code     0  startup.o(RESET)
    ADC0Seq2_Handler                         0x00000283   Thumb Code     0  startup.o(RESET)
    ADC0Seq3_Handler                         0x00000283   Thumb Code     0  startup.o(RESET)
    ADC1Seq0_Handler                         0x00000283   Thumb Code     0  startup.o(RESET)
    ADC1Seq1_Handler                         0x00000283   Thumb Code     0  startup.o(RESET)
    ADC1Seq2_Handler                         0x00000283   Thumb Code     0  startup.o(RESET)
    ADC1Seq3_Handler                         0x00000283   Thumb Code     0  startup.o(RESET)
    CAN0_Handler                             0x00000283   Thumb Code     0  startup.o(RESET)
    CAN1_Handler                             0x00000283   Thumb Code     0  startup.o(RESET)
    CAN2_Handler                             0x00000283   Thumb Code     0  startup.o(RESET)
    Comp0_Handler                            0x00000283   Thumb Code     0  startup.o(RESET)
    Comp1_Handler                            0x00000283   Thumb Code     0  startup.o(RESET)
    Comp2_Handler                            0x00000283   Thumb Code     0  startup.o(RESET)
    Ethernet_Handler                         0x00000283   Thumb Code     0  startup.o(RESET)
    ExtBus_Handler                           0x00000283   Thumb Code     0  startup.o(RESET)
    FPU_Handler                              0x00000283   Thumb Code     0  startup.o(RESET)
    Fan0_Handler                             0x00000283   Thumb Code     0  startup.o(RESET)
    FlashCtl_Handler                         0x00000283   Thumb Code     0  startup.o(RESET)
    GPIOPortA_Handler                        0x00000283   Thumb Code     0  startup.o(RESET)
    GPIOPortB_Handler                        0x00000283   Thumb Code     0  startup.o(RESET)
    GPIOPortC_Handler                        0x00000283   Thumb Code     0  startup.o(RESET)
    GPIOPortD_Handler                        0x00000283   Thumb Code     0  startup.o(RESET)
    GPIOPortE_Handler                        0x00000283   Thumb Code     0  startup.o(RESET)
    GPIOPortF_Handler                        0x00000283   Thumb Code     0  startup.o(RESET)
    GPIOPortG_Handler                        0x00000283   Thumb Code     0  startup.o(RESET)
    GPIOPortH_Handler                        0x00000283   Thumb Code     0  startup.o(RESET)
    GPIOPortJ_Handler                        0x00000283   Thumb Code     0  startup.o(RESET)
    GPIOPortK_Handler                        0x00000283   Thumb Code     0  startup.o(RESET)
    GPIOPortL_Handler                        0x00000283   Thumb Code     0  startup.o(RESET)
    GPIOPortM_Handler                        0x00000283   Thumb Code     0  startup.o(RESET)
    GPIOPortN_Handler                        0x00000283   Thumb Code     0  startup.o(RESET)
    GPIOPortP1_Handler                       0x00000283   Thumb Code     0  startup.o(RESET)
    GPIOPortP2_Handler                       0x00000283   Thumb Code     0  startup.o(RESET)
    GPIOPortP3_Handler                       0x00000283   Thumb Code     0  startup.o(RESET)
    GPIOPortP4_Handler                       0x00000283   Thumb Code     0  startup.o(RESET)
    GPIOPortP5_Handler                       0x00000283   Thumb Code     0  startup.o(RESET)
    GPIOPortP6_Handler                       0x00000283   Thumb Code     0  startup.o(RESET)
    GPIOPortP7_Handler                       0x00000283   Thumb Code     0  startup.o(RESET)
    GPIOPortP_Handler                        0x00000283   Thumb Code     0  startup.o(RESET)
    GPIOPortQ1_Handler                       0x00000283   Thumb Code     0  startup.o(RESET)
    GPIOPortQ2_Handler                       0x00000283   Thumb Code     0  startup.o(RESET)
    GPIOPortQ3_Handler                       0x00000283   Thumb Code     0  startup.o(RESET)
    GPIOPortQ4_Handler                       0x00000283   Thumb Code     0  startup.o(RESET)
    GPIOPortQ5_Handler                       0x00000283   Thumb Code     0  startup.o(RESET)
    GPIOPortQ6_Handler                       0x00000283   Thumb Code     0  startup.o(RESET)
    GPIOPortQ7_Handler                       0x00000283   Thumb Code     0  startup.o(RESET)
    GPIOPortQ_Handler                        0x00000283   Thumb Code     0  startup.o(RESET)
    GPIOPortR_Handler                        0x00000283   Thumb Code     0  startup.o(RESET)
    GPIOPortS_Handler                        0x00000283   Thumb Code     0  startup.o(RESET)
    Hibernate_Handler                        0x00000283   Thumb Code     0  startup.o(RESET)
    I2C0_Handler                             0x00000283   Thumb Code     0  startup.o(RESET)
    I2C1_Handler                             0x00000283   Thumb Code     0  startup.o(RESET)
    I2C2_Handler                             0x00000283   Thumb Code     0  startup.o(RESET)
    I2C3_Handler                             0x00000283   Thumb Code     0  startup.o(RESET)
    I2C4_Handler                             0x00000283   Thumb Code     0  startup.o(RESET)
    I2C5_Handler                             0x00000283   Thumb Code     0  startup.o(RESET)
    I2S0_Handler                             0x00000283   Thumb Code     0  startup.o(RESET)
    LPC0_Handler                             0x00000283   Thumb Code     0  startup.o(RESET)
    PECI0_Handler                            0x00000283   Thumb Code     0  startup.o(RESET)
    PWM0Fault_Handler                        0x00000283   Thumb Code     0  startup.o(RESET)
    PWM0Generator0_Handler                   0x00000283   Thumb Code     0  startup.o(RESET)
    PWM0Generator1_Handler                   0x00000283   Thumb Code     0  startup.o(RESET)
    PWM0Generator2_Handler                   0x00000283   Thumb Code     0  startup.o(RESET)
    PWM0Generator3_Handler                   0x00000283   Thumb Code     0  startup.o(RESET)
    PWM1Fault_Handler                        0x00000283   Thumb Code     0  startup.o(RESET)
    PWM1Generator0_Handler                   0x00000283   Thumb Code     0  startup.o(RESET)
    PWM1Generator1_Handler                   0x00000283   Thumb Code     0  startup.o(RESET)
    PWM1Generator2_Handler                   0x00000283   Thumb Code     0  startup.o(RESET)
    PWM1Generator3_Handler                   0x00000283   Thumb Code     0  startup.o(RESET)
    Quadrature0_Handler                      0x00000283   Thumb Code     0  startup.o(RESET)
    Quadrature1_Handler                      0x00000283   Thumb Code     0  startup.o(RESET)
    Quadrature2_Handler                      0x00000283   Thumb Code     0  startup.o(RESET)
    SSI0_Handler                             0x00000283   Thumb Code     0  startup.o(RESET)
    SSI1_Handler                             0x00000283   Thumb Code     0  startup.o(RESET)
    SSI2_Handler                             0x00000283   Thumb Code     0  startup.o(RESET)
    SSI3_Handler                             0x00000283   Thumb Code     0  startup.o(RESET)
    SysCtl_Handler                           0x00000283   Thumb Code     0  startup.o(RESET)
    Timer0A_Handler                          0x00000283   Thumb Code     0  startup.o(RESET)
    Timer0B_Handler                          0x00000283   Thumb Code     0  startup.o(RESET)
    Timer1A_Handler                          0x00000283   Thumb Code     0  startup.o(RESET)
    Timer1B_Handler                          0x00000283   Thumb Code     0  startup.o(RESET)
    Timer2B_Handler                          0x00000283   Thumb Code     0  startup.o(RESET)
    Timer3A_Handler                          0x00000283   Thumb Code     0  startup.o(RESET)
    Timer3B_Handler                          0x00000283   Thumb Code     0  startup.o(RESET)
    Timer4B_Handler                          0x00000283   Thumb Code     0  startup.o(RESET)
    Timer5B_Handler                          0x00000283   Thumb Code     0  startup.o(RESET)
    UART0_Handler                            0x00000283   Thumb Code     0  startup.o(RESET)
    UART1_Handler                            0x00000283   Thumb Code     0  startup.o(RESET)
    UART2_Handler                            0x00000283   Thumb Code     0  startup.o(RESET)
    UART3_Handler                            0x00000283   Thumb Code     0  startup.o(RESET)
    UART4_Handler                            0x00000283   Thumb Code     0  startup.o(RESET)
    UART5_Handler                            0x00000283   Thumb Code     0  startup.o(RESET)
    UART6_Handler                            0x00000283   Thumb Code     0  startup.o(RESET)
    UART7_Handler                            0x00000283   Thumb Code     0  startup.o(RESET)
    USB0_Handler                             0x00000283   Thumb Code     0  startup.o(RESET)
    WDT_Handler                              0x00000283   Thumb Code     0  startup.o(RESET)
    WideTimer0A_Handler                      0x00000283   Thumb Code     0  startup.o(RESET)
    WideTimer0B_Handler                      0x00000283   Thumb Code     0  startup.o(RESET)
    WideTimer1A_Handler                      0x00000283   Thumb Code     0  startup.o(RESET)
    WideTimer1B_Handler                      0x00000283   Thumb Code     0  startup.o(RESET)
    WideTimer2A_Handler                      0x00000283   Thumb Code     0  startup.o(RESET)
    WideTimer2B_Handler                      0x00000283   Thumb Code     0  startup.o(RESET)
    WideTimer3A_Handler                      0x00000283   Thumb Code     0  startup.o(RESET)
    WideTimer3B_Handler                      0x00000283   Thumb Code     0  startup.o(RESET)
    WideTimer4A_Handler                      0x00000283   Thumb Code     0  startup.o(RESET)
    WideTimer4B_Handler                      0x00000283   Thumb Code     0  startup.o(RESET)
    WideTimer5A_Handler                      0x00000283   Thumb Code     0  startup.o(RESET)
    WideTimer5B_Handler                      0x00000283   Thumb Code     0  startup.o(RESET)
    uDMA_Error                               0x00000283   Thumb Code     0  startup.o(RESET)
    uDMA_Handler                             0x00000283   Thumb Code     0  startup.o(RESET)
    __main                                   0x00000285   Thumb Code     8  __main.o(!!!main)
    __scatterload                            0x0000028d   Thumb Code     0  __scatter.o(!!!scatter)
    __scatterload_rt2                        0x0000028d   Thumb Code    44  __scatter.o(!!!scatter)
    __scatterload_rt2_thumb_only             0x0000028d   Thumb Code     0  __scatter.o(!!!scatter)
    __scatterload_null                       0x0000029b   Thumb Code     0  __scatter.o(!!!scatter)
    __scatterload_copy                       0x000002c1   Thumb Code    26  __scatter_copy.o(!!handler_copy)
    __scatterload_zeroinit                   0x000002dd   Thumb Code    28  __scatter_zi.o(!!handler_zi)
    __rt_lib_init                            0x000002f9   Thumb Code     0  libinit.o(.ARM.Collect$$libinit$$00000000)
    __rt_lib_init_alloca_1                   0x000002fb   Thumb Code     0  libinit2.o(.ARM.Collect$$libinit$$0000002C)
    __rt_lib_init_argv_1                     0x000002fb   Thumb Code     0  libinit2.o(.ARM.Collect$$libinit$$0000002A)
    __rt_lib_init_atexit_1                   0x000002fb   Thumb Code     0  libinit2.o(.ARM.Collect$$libinit$$00000019)
    __rt_lib_init_clock_1                    0x000002fb   Thumb Code     0  libinit2.o(.ARM.Collect$$libinit$$0000001F)
    __rt_lib_init_cpp_1                      0x000002fb   Thumb Code     0  libinit2.o(.ARM.Collect$$libinit$$00000030)
    __rt_lib_init_exceptions_1               0x000002fb   Thumb Code     0  libinit2.o(.ARM.Collect$$libinit$$0000002E)
    __rt_lib_init_fp_1                       0x000002fb   Thumb Code     0  libinit2.o(.ARM.Collect$$libinit$$00000002)
    __rt_lib_init_fp_trap_1                  0x000002fb   Thumb Code     0  libinit2.o(.ARM.Collect$$libinit$$0000001D)
    __rt_lib_init_getenv_1                   0x000002fb   Thumb Code     0  libinit2.o(.ARM.Collect$$libinit$$00000021)
    __rt_lib_init_heap_1                     0x000002fb   Thumb Code     0  libinit2.o(.ARM.Collect$$libinit$$00000008)
    __rt_lib_init_lc_collate_1               0x000002fb   Thumb Code     0  libinit2.o(.ARM.Collect$$libinit$$0000000F)
    __rt_lib_init_lc_ctype_1                 0x000002fb   Thumb Code     0  libinit2.o(.ARM.Collect$$libinit$$00000011)
    __rt_lib_init_lc_monetary_1              0x000002fb   Thumb Code     0  libinit2.o(.ARM.Collect$$libinit$$00000013)
    __rt_lib_init_lc_numeric_1               0x000002fb   Thumb Code     0  libinit2.o(.ARM.Collect$$libinit$$00000015)
    __rt_lib_init_lc_time_1                  0x000002fb   Thumb Code     0  libinit2.o(.ARM.Collect$$libinit$$00000017)
    __rt_lib_init_rand_1                     0x000002fb   Thumb Code     0  libinit2.o(.ARM.Collect$$libinit$$0000000C)
    __rt_lib_init_return                     0x000002fb   Thumb Code     0  libinit2.o(.ARM.Collect$$libinit$$00000031)
    __rt_lib_init_signal_1                   0x000002fb   Thumb Code     0  libinit2.o(.ARM.Collect$$libinit$$0000001B)
    __rt_lib_init_stdio_1                    0x000002fb   Thumb Code     0  libinit2.o(.ARM.Collect$$libinit$$00000023)
    __rt_lib_init_user_alloc_1               0x000002fb   Thumb Code     0  libinit2.o(.ARM.Collect$$libinit$$0000000A)
    __rt_lib_shutdown                        0x000002fd   Thumb Code     0  libshutdown.o(.ARM.Collect$$libshutdown$$00000000)
    __rt_lib_shutdown_fp_trap_1              0x000002ff   Thumb Code     0  libshutdown2.o(.ARM.Collect$$libshutdown$$00000006)
    __rt_lib_shutdown_heap_1                 0x000002ff   Thumb Code     0  libshutdown2.o(.ARM.Collect$$libshutdown$$0000000E)
    __rt_lib_shutdown_return                 0x000002ff   Thumb Code     0  libshutdown2.o(.ARM.Collect$$libshutdown$$0000000F)
    __rt_lib_shutdown_signal_1               0x000002ff   Thumb Code     0  libshutdown2.o(.ARM.Collect$$libshutdown$$00000009)
    __rt_lib_shutdown_stdio_1                0x000002ff   Thumb Code     0  libshutdown2.o(.ARM.Collect$$libshutdown$$00000003)
    __rt_lib_shutdown_user_alloc_1           0x000002ff   Thumb Code     0  libshutdown2.o(.ARM.Collect$$libshutdown$$0000000B)
    __rt_entry                               0x00000301   Thumb Code     0  rtentry.o(.ARM.Collect$$rtentry$$00000000)
    __rt_entry_presh_1                       0x00000301   Thumb Code     0  rtentry2.o(.ARM.Collect$$rtentry$$00000002)
    __rt_entry_sh                            0x00000301   Thumb Code     0  rtentry4.o(.ARM.Collect$$rtentry$$00000004)
    __rt_entry_li                            0x00000307   Thumb Code     0  rtentry2.o(.ARM.Collect$$rtentry$$0000000A)
    __rt_entry_postsh_1                      0x00000307   Thumb Code     0  rtentry2.o(.ARM.Collect$$rtentry$$00000009)
    __rt_entry_main                          0x0000030b   Thumb Code     0  rtentry2.o(.ARM.Collect$$rtentry$$0000000D)
    __rt_entry_postli_1                      0x0000030b   Thumb Code     0  rtentry2.o(.ARM.Collect$$rtentry$$0000000C)
    __rt_exit                                0x00000313   Thumb Code     0  rtexit.o(.ARM.Collect$$rtexit$$00000000)
    __rt_exit_ls                             0x00000315   Thumb Code     0  rtexit2.o(.ARM.Collect$$rtexit$$00000003)
    __rt_exit_prels_1                        0x00000315   Thumb Code     0  rtexit2.o(.ARM.Collect$$rtexit$$00000002)
    __rt_exit_exit                           0x00000319   Thumb Code     0  rtexit2.o(.ARM.Collect$$rtexit$$00000004)
    DisableInterrupts                        0x00000321   Thumb Code     0  startup.o(.text)
    EnableInterrupts                         0x00000325   Thumb Code     0  startup.o(.text)
    StartCritical                            0x00000329   Thumb Code     0  startup.o(.text)
    EndCritical                              0x00000331   Thumb Code     0  startup.o(.text)
    WaitForInterrupt                         0x00000337   Thumb Code     0  startup.o(.text)
    __user_initial_stackheap                 0x0000033b   Thumb Code     0  startup.o(.text)
    Random_Init                              0x00000351   Thumb Code     0  random.o(.text)
    Random32                                 0x0000035b   Thumb Code     2  random.o(.text)
    Random                                   0x0000036d   Thumb Code     2  random.o(.text)
    __use_two_region_memory                  0x00000391   Thumb Code     2  heapauxi.o(.text)
    __rt_heap_escrow$2region                 0x00000393   Thumb Code     2  heapauxi.o(.text)
    __rt_heap_expand$2region                 0x00000395   Thumb Code     2  heapauxi.o(.text)
    __user_setup_stackheap                   0x00000397   Thumb Code    74  sys_stackheap_outer.o(.text)
    exit                                     0x000003e1   Thumb Code    12  exit.o(.text)
    __user_libspace                          0x000003ed   Thumb Code     8  libspace.o(.text)
    __user_perproc_libspace                  0x000003ed   Thumb Code     0  libspace.o(.text)
    __user_perthread_libspace                0x000003ed   Thumb Code     0  libspace.o(.text)
    _sys_exit                                0x000003f5   Thumb Code     8  sys_exit.o(.text)
    __I$use$semihosting                      0x00000401   Thumb Code     0  use_no_semi.o(.text)
    __use_no_semihosting_swi                 0x00000401   Thumb Code     2  use_no_semi.o(.text)
    __semihosting_library_function           0x00000403   Thumb Code     0  indicate_semi.o(.text)
    ADC0_In                                  0x00000405   Thumb Code    36  spaceinvaders.o(i.ADC0_In)
    ADC1_In                                  0x00000431   Thumb Code     6  texas.o(i.ADC1_In)
    ADC1_Init                                0x0000043d   Thumb Code   174  texas.o(i.ADC1_Init)
    Convert                                  0x00000511   Thumb Code    14  spaceinvaders.o(i.Convert)
    DAC_Out                                  0x00000521   Thumb Code     6  spaceinvaders.o(i.DAC_Out)
    Delay100ms                               0x0000052d   Thumb Code    30  spaceinvaders.o(i.Delay100ms)
    Fire_Button_Pressed                      0x00000551   Thumb Code    10  spaceinvaders.o(i.Fire_Button_Pressed)
    InitSprites                              0x00000561   Thumb Code   260  spaceinvaders.o(i.InitSprites)
    Nokia5110_ClearBuffer                    0x00000689   Thumb Code    20  nokia5110.o(i.Nokia5110_ClearBuffer)
    Nokia5110_DisplayBuffer                  0x000006a1   Thumb Code    10  nokia5110.o(i.Nokia5110_DisplayBuffer)
    Nokia5110_DrawFullImage                  0x000006b1   Thumb Code    34  nokia5110.o(i.Nokia5110_DrawFullImage)
    Nokia5110_Init                           0x000006d5   Thumb Code   316  nokia5110.o(i.Nokia5110_Init)
    Nokia5110_PrintBMP                       0x00000841   Thumb Code   420  nokia5110.o(i.Nokia5110_PrintBMP)
    Nokia5110_SetCursor                      0x000009e9   Thumb Code    48  nokia5110.o(i.Nokia5110_SetCursor)
    PLL_Init                                 0x00000a19   Thumb Code   118  texas.o(i.PLL_Init)
    Ports_Init                               0x00000a95   Thumb Code   370  spaceinvaders.o(i.Ports_Init)
    SetCode                                  0x00000c49   Thumb Code    20  texas.o(i.SetCode)
    SetCourse                                0x00000c61   Thumb Code    20  texas.o(i.SetCourse)
    Sound_Play                               0x00000c79   Thumb Code    26  spaceinvaders.o(i.Sound_Play)
    SysTick_Handler                          0x00000ca1   Thumb Code  1092  spaceinvaders.o(i.SysTick_Handler)
    SysTick_Init                             0x000010e5   Thumb Code    42  spaceinvaders.o(i.SysTick_Init)
    TExaS_Init                               0x00001119   Thumb Code   324  texas.o(i.TExaS_Init)
    Timer2A_Handler                          0x000012dd   Thumb Code    56  spaceinvaders.o(i.Timer2A_Handler)
    Timer2A_Start                            0x00001325   Thumb Code    14  spaceinvaders.o(i.Timer2A_Start)
    Timer2A_Stop                             0x00001339   Thumb Code    14  spaceinvaders.o(i.Timer2A_Stop)
    Timer2_Init                              0x0000134d   Thumb Code    84  spaceinvaders.o(i.Timer2_Init)
    Timer4A_Handler                          0x000013b9   Thumb Code    20  texas.o(i.Timer4A_Handler)
    Timer5A_Handler                          0x000013d9   Thumb Code    34  texas.o(i.Timer5A_Handler)
    UART0_Init                               0x00001409   Thumb Code   160  texas.o(i.UART0_Init)
    main                                     0x00001515   Thumb Code   178  spaceinvaders.o(i.main)
    _my_PlayerShip2_00                       0x000017bc   Data         207  spaceinvaders.o(.constdata)
    _my_PlayerShip2_01                       0x0000188b   Data         207  spaceinvaders.o(.constdata)
    _my_Countdown_GO                         0x0000195a   Data         695  spaceinvaders.o(.constdata)
    _my_Countdown_01                         0x00001c11   Data         695  spaceinvaders.o(.constdata)
    _my_Countdown_02                         0x00001ec8   Data         695  spaceinvaders.o(.constdata)
    _my_Countdown_03                         0x0000217f   Data         695  spaceinvaders.o(.constdata)
    _my_Missile_01                           0x00002436   Data         151  spaceinvaders.o(.constdata)
    _my_Missile_02                           0x000024cd   Data         151  spaceinvaders.o(.constdata)
    _my_Enemy_Missile_01                     0x00002564   Data         159  spaceinvaders.o(.constdata)
    _my_Field_01                             0x00002603   Data         151  spaceinvaders.o(.constdata)
    _my_Field_02                             0x0000269a   Data         151  spaceinvaders.o(.constdata)
    _my_Field_03                             0x00002731   Data         151  spaceinvaders.o(.constdata)
    _my_Field_04                             0x000027c8   Data         151  spaceinvaders.o(.constdata)
    _my_Field_05                             0x0000285f   Data         151  spaceinvaders.o(.constdata)
    _my_Field_06                             0x000028f6   Data         151  spaceinvaders.o(.constdata)
    _my_Field_07                             0x0000298d   Data         151  spaceinvaders.o(.constdata)
    _my_Field_08                             0x00002a24   Data         151  spaceinvaders.o(.constdata)
    _my_Field_09                             0x00002abb   Data         151  spaceinvaders.o(.constdata)
    _my_Field_10                             0x00002b52   Data         151  spaceinvaders.o(.constdata)
    _my_Field_11                             0x00002be9   Data         151  spaceinvaders.o(.constdata)
    _my_Field_12                             0x00002c80   Data         151  spaceinvaders.o(.constdata)
    _my_above_line                           0x00002d17   Data         163  spaceinvaders.o(.constdata)
    _my_heart                                0x00002dba   Data         147  spaceinvaders.o(.constdata)
    _my_battery_00                           0x00002e4d   Data         167  spaceinvaders.o(.constdata)
    _my_battery_01                           0x00002ef4   Data         167  spaceinvaders.o(.constdata)
    _my_battery_02                           0x00002f9b   Data         167  spaceinvaders.o(.constdata)
    _my_battery_03                           0x00003042   Data         167  spaceinvaders.o(.constdata)
    _my_battery_04                           0x000030e9   Data         167  spaceinvaders.o(.constdata)
    _my_battery_05                           0x00003190   Data         167  spaceinvaders.o(.constdata)
    _my_coin_00                              0x00003237   Data         143  spaceinvaders.o(.constdata)
    _my_coin_01                              0x000032c6   Data         143  spaceinvaders.o(.constdata)
    SmallEnemy30PointA                       0x00003355   Data         199  spaceinvaders.o(.constdata)
    SmallEnemy30PointB                       0x0000341c   Data         199  spaceinvaders.o(.constdata)
    sound_Shoot_Count                        0x000034e4   Data           4  spaceinvaders.o(.constdata)
    sound_Shoot                              0x000034e8   Data        4080  spaceinvaders.o(.constdata)
    fastinvader4_Count                       0x000044d8   Data           4  spaceinvaders.o(.constdata)
    fastinvader4                             0x000044dc   Data        1098  spaceinvaders.o(.constdata)
    invaderkilled_Count                      0x00004928   Data           4  spaceinvaders.o(.constdata)
    invaderkilled                            0x0000492c   Data        3377  spaceinvaders.o(.constdata)
    highpitch_Count                          0x00005660   Data           4  spaceinvaders.o(.constdata)
    highpitch                                0x00005664   Data        1802  spaceinvaders.o(.constdata)
    numberOfEnemies                          0x00005d70   Data           4  spaceinvaders.o(.constdata)
    NoInputMsg                               0x00005d74   Data          40  texas.o(.constdata)
    OutputPortMsg0                           0x00005d9c   Data          40  texas.o(.constdata)
    OutputPortMsg1                           0x00005dc4   Data          40  texas.o(.constdata)
    OutputPortMsg2                           0x00005dec   Data          40  texas.o(.constdata)
    OutputPortMsg3                           0x00005e14   Data          40  texas.o(.constdata)
    BlankMsg                                 0x00005e3c   Data          40  texas.o(.constdata)
    InitializedMsg                           0x00005e64   Data          40  texas.o(.constdata)
    IntroMsg                                 0x00005e8c   Data          40  texas.o(.constdata)
    DoneMsg                                  0x00005eb4   Data          40  texas.o(.constdata)
    Region$$Table$$Base                      0x00005edc   Number         0  anon$$obj.o(Region$$Table)
    Region$$Table$$Limit                     0x00005efc   Number         0  anon$$obj.o(Region$$Table)
    _my_Field_ptr                            0x20000000   Data          48  spaceinvaders.o(.data)
    _my_battery_ptr                          0x20000030   Data          24  spaceinvaders.o(.data)
    Position_Y_old                           0x20000048   Data           1  spaceinvaders.o(.data)
    Systick_Counter                          0x2000004c   Data           4  spaceinvaders.o(.data)
    Index                                    0x20000050   Data           4  spaceinvaders.o(.data)
    SoundCounter                             0x20000054   Data           4  spaceinvaders.o(.data)
    temp                                     0x20000058   Data           4  spaceinvaders.o(.data)
    FrameCount                               0x2000005c   Data           4  spaceinvaders.o(.data)
    systick_counter                          0x20000060   Data           1  spaceinvaders.o(.data)
    field_counter                            0x20000061   Data           1  spaceinvaders.o(.data)
    Position_Y                               0x20000062   Data           1  spaceinvaders.o(.data)
    ADCdata                                  0x20000064   Data           4  spaceinvaders.o(.data)
    Flag                                     0x20000068   Data           4  spaceinvaders.o(.data)
    Wave                                     0x2000006c   Data           4  spaceinvaders.o(.data)
    TimerCount                               0x20000070   Data           4  spaceinvaders.o(.data)
    Semaphore                                0x20000074   Data           4  spaceinvaders.o(.data)
    TExaS_Period                             0x20000078   Data           4  texas.o(.data)
    TExaS_Ports                              0x2000007c   Data           8  texas.o(.data)
    Display                                  0x20000084   Data           1  texas.o(.data)
    TExaS_Meter                              0x20000088   Data           4  texas.o(.data)
    ADCnum                                   0x2000008c   Data           4  texas.o(.data)
    LastMode                                 0x20000090   Data           4  texas.o(.data)
    bFlag                                    0x20000094   Data           4  texas.o(.data)
    Count                                    0x20000098   Data           4  texas.o(.data)
    DelayBetweenTests                        0x2000009c   Data           4  texas.o(.data)
    TExaS_Test                               0x200000a0   Data           4  texas.o(.data)
    ScopeMode                                0x200000a4   Data           4  texas.o(.data)
    ScopeCount                               0x200000a8   Data           4  texas.o(.data)
    Screen                                   0x200000b0   Data         504  nokia5110.o(.bss)
    Enemy                                    0x200002a8   Data         112  spaceinvaders.o(.bss)
    Ship                                     0x20000318   Data          56  spaceinvaders.o(.bss)
    TExaS                                    0x20000350   Data          56  texas.o(.bss)
    __libspace_start                         0x20000388   Data          96  libspace.o(.bss)
    __temporary_stack_top$libspace           0x200003e8   Data           0  libspace.o(.bss)



==============================================================================

Memory Map of the image

  Image Entry point : 0x0000026d

  Load Region LR_1 (Base: 0x00000000, Size: 0x00005fac, Max: 0xffffffff, ABSOLUTE)

    Execution Region ER_RO (Base: 0x00000000, Size: 0x00005efc, Max: 0xffffffff, ABSOLUTE)

    Base Addr    Size         Type   Attr      Idx    E Section Name        Object

    0x00000000   0x00000284   Code   RO            3  * RESET               startup.o
    0x00000284   0x00000008   Code   RO          346  * !!!main             c_w.l(__main.o)
    0x0000028c   0x00000034   Code   RO          500    !!!scatter          c_w.l(__scatter.o)
    0x000002c0   0x0000001a   Code   RO          502    !!handler_copy      c_w.l(__scatter_copy.o)
    0x000002da   0x00000002   PAD
    0x000002dc   0x0000001c   Code   RO          504    !!handler_zi        c_w.l(__scatter_zi.o)
    0x000002f8   0x00000002   Code   RO          373    .ARM.Collect$$libinit$$00000000  c_w.l(libinit.o)
    0x000002fa   0x00000000   Code   RO          380    .ARM.Collect$$libinit$$00000002  c_w.l(libinit2.o)
    0x000002fa   0x00000000   Code   RO          383    .ARM.Collect$$libinit$$00000008  c_w.l(libinit2.o)
    0x000002fa   0x00000000   Code   RO          385    .ARM.Collect$$libinit$$0000000A  c_w.l(libinit2.o)
    0x000002fa   0x00000000   Code   RO          387    .ARM.Collect$$libinit$$0000000C  c_w.l(libinit2.o)
    0x000002fa   0x00000000   Code   RO          390    .ARM.Collect$$libinit$$0000000F  c_w.l(libinit2.o)
    0x000002fa   0x00000000   Code   RO          392    .ARM.Collect$$libinit$$00000011  c_w.l(libinit2.o)
    0x000002fa   0x00000000   Code   RO          394    .ARM.Collect$$libinit$$00000013  c_w.l(libinit2.o)
    0x000002fa   0x00000000   Code   RO          396    .ARM.Collect$$libinit$$00000015  c_w.l(libinit2.o)
    0x000002fa   0x00000000   Code   RO          398    .ARM.Collect$$libinit$$00000017  c_w.l(libinit2.o)
    0x000002fa   0x00000000   Code   RO          400    .ARM.Collect$$libinit$$00000019  c_w.l(libinit2.o)
    0x000002fa   0x00000000   Code   RO          402    .ARM.Collect$$libinit$$0000001B  c_w.l(libinit2.o)
    0x000002fa   0x00000000   Code   RO          404    .ARM.Collect$$libinit$$0000001D  c_w.l(libinit2.o)
    0x000002fa   0x00000000   Code   RO          406    .ARM.Collect$$libinit$$0000001F  c_w.l(libinit2.o)
    0x000002fa   0x00000000   Code   RO          408    .ARM.Collect$$libinit$$00000021  c_w.l(libinit2.o)
    0x000002fa   0x00000000   Code   RO          410    .ARM.Collect$$libinit$$00000023  c_w.l(libinit2.o)
    0x000002fa   0x00000000   Code   RO          414    .ARM.Collect$$libinit$$0000002A  c_w.l(libinit2.o)
    0x000002fa   0x00000000   Code   RO          416    .ARM.Collect$$libinit$$0000002C  c_w.l(libinit2.o)
    0x000002fa   0x00000000   Code   RO          418    .ARM.Collect$$libinit$$0000002E  c_w.l(libinit2.o)
    0x000002fa   0x00000000   Code   RO          420    .ARM.Collect$$libinit$$00000030  c_w.l(libinit2.o)
    0x000002fa   0x00000002   Code   RO          421    .ARM.Collect$$libinit$$00000031  c_w.l(libinit2.o)
    0x000002fc   0x00000002   Code   RO          441    .ARM.Collect$$libshutdown$$00000000  c_w.l(libshutdown.o)
    0x000002fe   0x00000000   Code   RO          455    .ARM.Collect$$libshutdown$$00000003  c_w.l(libshutdown2.o)
    0x000002fe   0x00000000   Code   RO          458    .ARM.Collect$$libshutdown$$00000006  c_w.l(libshutdown2.o)
    0x000002fe   0x00000000   Code   RO          461    .ARM.Collect$$libshutdown$$00000009  c_w.l(libshutdown2.o)
    0x000002fe   0x00000000   Code   RO          463    .ARM.Collect$$libshutdown$$0000000B  c_w.l(libshutdown2.o)
    0x000002fe   0x00000000   Code   RO          466    .ARM.Collect$$libshutdown$$0000000E  c_w.l(libshutdown2.o)
    0x000002fe   0x00000002   Code   RO          467    .ARM.Collect$$libshutdown$$0000000F  c_w.l(libshutdown2.o)
    0x00000300   0x00000000   Code   RO          348    .ARM.Collect$$rtentry$$00000000  c_w.l(rtentry.o)
    0x00000300   0x00000000   Code   RO          350    .ARM.Collect$$rtentry$$00000002  c_w.l(rtentry2.o)
    0x00000300   0x00000006   Code   RO          362    .ARM.Collect$$rtentry$$00000004  c_w.l(rtentry4.o)
    0x00000306   0x00000000   Code   RO          352    .ARM.Collect$$rtentry$$00000009  c_w.l(rtentry2.o)
    0x00000306   0x00000004   Code   RO          353    .ARM.Collect$$rtentry$$0000000A  c_w.l(rtentry2.o)
    0x0000030a   0x00000000   Code   RO          355    .ARM.Collect$$rtentry$$0000000C  c_w.l(rtentry2.o)
    0x0000030a   0x00000008   Code   RO          356    .ARM.Collect$$rtentry$$0000000D  c_w.l(rtentry2.o)
    0x00000312   0x00000002   Code   RO          377    .ARM.Collect$$rtexit$$00000000  c_w.l(rtexit.o)
    0x00000314   0x00000000   Code   RO          423    .ARM.Collect$$rtexit$$00000002  c_w.l(rtexit2.o)
    0x00000314   0x00000004   Code   RO          424    .ARM.Collect$$rtexit$$00000003  c_w.l(rtexit2.o)
    0x00000318   0x00000006   Code   RO          425    .ARM.Collect$$rtexit$$00000004  c_w.l(rtexit2.o)
    0x0000031e   0x00000002   PAD
    0x00000320   0x00000030   Code   RO            4    .text               startup.o
    0x00000350   0x00000040   Code   RO           92    .text               random.o
    0x00000390   0x00000006   Code   RO          344    .text               c_w.l(heapauxi.o)
    0x00000396   0x0000004a   Code   RO          364    .text               c_w.l(sys_stackheap_outer.o)
    0x000003e0   0x0000000c   Code   RO          366    .text               c_w.l(exit.o)
    0x000003ec   0x00000008   Code   RO          374    .text               c_w.l(libspace.o)
    0x000003f4   0x0000000c   Code   RO          433    .text               c_w.l(sys_exit.o)
    0x00000400   0x00000002   Code   RO          444    .text               c_w.l(use_no_semi.o)
    0x00000402   0x00000000   Code   RO          446    .text               c_w.l(indicate_semi.o)
    0x00000402   0x00000002   PAD
    0x00000404   0x0000002c   Code   RO           95    i.ADC0_In           spaceinvaders.o
    0x00000430   0x0000000c   Code   RO          223    i.ADC1_In           texas.o
    0x0000043c   0x000000d4   Code   RO          224    i.ADC1_Init         texas.o
    0x00000510   0x0000000e   Code   RO           96    i.Convert           spaceinvaders.o
    0x0000051e   0x00000002   PAD
    0x00000520   0x0000000c   Code   RO           97    i.DAC_Out           spaceinvaders.o
    0x0000052c   0x00000024   Code   RO           98    i.Delay100ms        spaceinvaders.o
    0x00000550   0x00000010   Code   RO           99    i.Fire_Button_Pressed  spaceinvaders.o
    0x00000560   0x00000128   Code   RO          100    i.InitSprites       spaceinvaders.o
    0x00000688   0x00000018   Code   RO           13    i.Nokia5110_ClearBuffer  nokia5110.o
    0x000006a0   0x00000010   Code   RO           14    i.Nokia5110_DisplayBuffer  nokia5110.o
    0x000006b0   0x00000022   Code   RO           15    i.Nokia5110_DrawFullImage  nokia5110.o
    0x000006d2   0x00000002   PAD
    0x000006d4   0x0000016c   Code   RO           16    i.Nokia5110_Init    nokia5110.o
    0x00000840   0x000001a8   Code   RO           20    i.Nokia5110_PrintBMP  nokia5110.o
    0x000009e8   0x00000030   Code   RO           21    i.Nokia5110_SetCursor  nokia5110.o
    0x00000a18   0x0000007c   Code   RO          225    i.PLL_Init          texas.o
    0x00000a94   0x000001b4   Code   RO          102    i.Ports_Init        spaceinvaders.o
    0x00000c48   0x00000018   Code   RO          226    i.SetCode           texas.o
    0x00000c60   0x00000018   Code   RO          227    i.SetCourse         texas.o
    0x00000c78   0x00000028   Code   RO          104    i.Sound_Play        spaceinvaders.o
    0x00000ca0   0x00000444   Code   RO          106    i.SysTick_Handler   spaceinvaders.o
    0x000010e4   0x00000034   Code   RO          107    i.SysTick_Init      spaceinvaders.o
    0x00001118   0x000001c4   Code   RO          231    i.TExaS_Init        texas.o
    0x000012dc   0x00000048   Code   RO          108    i.Timer2A_Handler   spaceinvaders.o
    0x00001324   0x00000014   Code   RO          109    i.Timer2A_Start     spaceinvaders.o
    0x00001338   0x00000014   Code   RO          110    i.Timer2A_Stop      spaceinvaders.o
    0x0000134c   0x0000006c   Code   RO          111    i.Timer2_Init       spaceinvaders.o
    0x000013b8   0x00000020   Code   RO          233    i.Timer4A_Handler   texas.o
    0x000013d8   0x00000030   Code   RO          234    i.Timer5A_Handler   texas.o
    0x00001408   0x000000c0   Code   RO          237    i.UART0_Init        texas.o
    0x000014c8   0x0000004c   Code   RO           22    i.lcdwrite          nokia5110.o
    0x00001514   0x000000c8   Code   RO          112    i.main              spaceinvaders.o
    0x000015dc   0x00004798   Data   RO          114    .constdata          spaceinvaders.o
    0x00005d74   0x00000168   Data   RO          242    .constdata          texas.o
    0x00005edc   0x00000020   Data   RO          498    Region$$Table       anon$$obj.o


    Execution Region ER_RW (Base: 0x20000000, Size: 0x000000b0, Max: 0xffffffff, ABSOLUTE)

    Base Addr    Size         Type   Attr      Idx    E Section Name        Object

    0x20000000   0x00000078   Data   RW          115    .data               spaceinvaders.o
    0x20000078   0x00000034   Data   RW          243    .data               texas.o
    0x200000ac   0x00000004   Data   RW           91    DATA                random.o


    Execution Region ER_ZI (Base: 0x200000b0, Size: 0x00000738, Max: 0xffffffff, ABSOLUTE)

    Base Addr    Size         Type   Attr      Idx    E Section Name        Object

    0x200000b0   0x000001f8   Zero   RW           23    .bss                nokia5110.o
    0x200002a8   0x000000a8   Zero   RW          113    .bss                spaceinvaders.o
    0x20000350   0x00000038   Zero   RW          241    .bss                texas.o
    0x20000388   0x00000060   Zero   RW          375    .bss                c_w.l(libspace.o)
    0x200003e8   0x00000000   Zero   RW            2    HEAP                startup.o
    0x200003e8   0x00000400   Zero   RW            1    STACK               startup.o


==============================================================================

Image component sizes


      Code (inc. data)   RO Data    RW Data    ZI Data      Debug   Object Name

       986         72          0          0        504       7217   nokia5110.o
        64         14          0          4          0        184   random.o
      2458        298      18328        120        168      10909   spaceinvaders.o
       692        632          0          0       1024        868   startup.o
      1120        244        360         52         56      15392   texas.o

    ----------------------------------------------------------------------
      5324       1260      18720        176       1752      34570   Object Totals
         0          0         32          0          0          0   (incl. Generated)
         4          0          0          0          0          0   (incl. Padding)

    ----------------------------------------------------------------------

      Code (inc. data)   RO Data    RW Data    ZI Data      Debug   Library Member Name

         8          0          0          0          0         68   __main.o
        52          8          0          0          0          0   __scatter.o
        26          0          0          0          0          0   __scatter_copy.o
        28          0          0          0          0          0   __scatter_zi.o
        12          0          0          0          0         72   exit.o
         6          0          0          0          0        152   heapauxi.o
         0          0          0          0          0          0   indicate_semi.o
         2          0          0          0          0          0   libinit.o
         2          0          0          0          0          0   libinit2.o
         2          0          0          0          0          0   libshutdown.o
         2          0          0          0          0          0   libshutdown2.o
         8          4          0          0         96         68   libspace.o
         0          0          0          0          0          0   rtentry.o
        12          0          0          0          0          0   rtentry2.o
         6          0          0          0          0          0   rtentry4.o
         2          0          0          0          0          0   rtexit.o
        10          0          0          0          0          0   rtexit2.o
        12          4          0          0          0         68   sys_exit.o
        74          0          0          0          0         80   sys_stackheap_outer.o
         2          0          0          0          0         68   use_no_semi.o

    ----------------------------------------------------------------------
       272         16          0          0         96        576   Library Totals
         6          0          0          0          0          0   (incl. Padding)

    ----------------------------------------------------------------------

      Code (inc. data)   RO Data    RW Data    ZI Data      Debug   Library Name

       266         16          0          0         96        576   c_w.l

    ----------------------------------------------------------------------
       272         16          0          0         96        576   Library Totals

    ----------------------------------------------------------------------

==============================================================================


      Code (inc. data)   RO Data    RW Data    ZI Data      Debug   

      5596       1276      18720        176       1848      33430   Grand Totals
      5596       1276      18720        176       1848      33430   ELF Image Totals
      5596       1276      18720        176          0          0   ROM Totals

==============================================================================

    Total RO  Size (Code + RO Data)                24316 (  23.75kB)
    Total RW  Size (RW Data + ZI Data)              2024 (   1.98kB)
    Total ROM Size (Code + RO Data + RW Data)      24492 (  23.92kB)

==============================================================================

